Hadalis maintainer local validation
Started: 2026-10-10T11:32:11+07:00
Mode: current-repo
Repository: https://github.com/llocphann/Hadalis.git
Branch: dev
Strict QML parser: yes
Invocation: bash scripts/validate-maintainer-local.sh --current-repo --strict-qml
Log: /tmp/hadalis-canonical-8b2ed6f0a-20261010.log
Exact SHA: 8b2ed6f0a1fccddade206f0060ed19d19337a5da
Validator commit: 8b2ed6f0a1fccddade206f0060ed19d19337a5da
Hostname: unavailable
Kernel: Linux 7.2.9-arch1-1 x86_64 GNU/Linux
OS: Arch Linux
Initial git status:
  clean
Tool versions:
  git: git version 2.56.0
  bash: GNU bash, version 5.3.20(1)-release (x86_64-pc-linux-gnu)
  python3: Python 3.14.7
  node: v22.23.2
  fish: fish, version 4.9.3
  make: GNU Make 4.4.1
  qmlformat: qmlformat 6.12.0
  qmlformat6: unavailable
Nix lane: deferred/non-blocking; dedicated Nix validation is intentionally skipped.

---- CHECK [1]: host tool preflight ----
Command: require_host_tools
Working directory: /tmp/hadalis-validation.FfxEvY/Hadalis
Result: PASS

---- CHECK [2]: build and baseline shell syntax ----
Command: make build
Working directory: /tmp/hadalis-validation.FfxEvY/Hadalis
Result: PASS

---- CHECK [3]: tracked shell/package syntax ----
Command: tracked_shell_syntax
Working directory: /tmp/hadalis-validation.FfxEvY/Hadalis
Result: PASS

---- CHECK [4]: tracked Python syntax ----
Command: tracked_python_syntax
Working directory: /tmp/hadalis-validation.FfxEvY/Hadalis
Result: PASS

---- CHECK [5]: tracked JSON syntax ----
Command: tracked_json_syntax
Working directory: /tmp/hadalis-validation.FfxEvY/Hadalis
Result: PASS

---- CHECK [6]: tracked JavaScript syntax ----
Command: tracked_js_syntax
Working directory: /tmp/hadalis-validation.FfxEvY/Hadalis
Result: PASS

---- CHECK [7]: tracked Fish syntax ----
Command: tracked_fish_syntax
Working directory: /tmp/hadalis-validation.FfxEvY/Hadalis
Result: PASS

---- CHECK [8]: translation catalog structure ----
Command: python3 translations/tools/l10n.py audit-all
Working directory: /tmp/hadalis-validation.FfxEvY/Hadalis
Result: PASS

---- CHECK [9]: translation source parity ----
Command: python3 translations/tools/source-parity.py
Working directory: /tmp/hadalis-validation.FfxEvY/Hadalis
Result: PASS

---- CHECK [10]: Python regression: scripts/test-abyss-bar-popup-autohide-contract.py ----
Command: python3 scripts/test-abyss-bar-popup-autohide-contract.py
Working directory: /tmp/hadalis-validation.FfxEvY/Hadalis
Result: PASS

---- CHECK [11]: Python regression: scripts/test-abyss-body-placement.py ----
Command: python3 scripts/test-abyss-body-placement.py
Working directory: /tmp/hadalis-validation.FfxEvY/Hadalis
Result: PASS

---- CHECK [12]: Python regression: scripts/test-abyss-compact-osd-contract.py ----
Command: python3 scripts/test-abyss-compact-osd-contract.py
Working directory: /tmp/hadalis-validation.FfxEvY/Hadalis
Result: PASS

---- CHECK [13]: Python regression: scripts/test-abyss-critical-host-ipc-import.py ----
Command: python3 scripts/test-abyss-critical-host-ipc-import.py
Working directory: /tmp/hadalis-validation.FfxEvY/Hadalis
Result: PASS

---- CHECK [14]: Python regression: scripts/test-abyss-display-mode.py ----
Command: python3 scripts/test-abyss-display-mode.py
Working directory: /tmp/hadalis-validation.FfxEvY/Hadalis
Result: PASS

---- CHECK [15]: Python regression: scripts/test-abyss-dock-attached-menu-contract.py ----
Command: python3 scripts/test-abyss-dock-attached-menu-contract.py
Working directory: /tmp/hadalis-validation.FfxEvY/Hadalis
Result: PASS

---- CHECK [16]: Python regression: scripts/test-abyss-dock-menu-axis-contract.py ----
Command: python3 scripts/test-abyss-dock-menu-axis-contract.py
Working directory: /tmp/hadalis-validation.FfxEvY/Hadalis
Result: PASS

---- CHECK [17]: Python regression: scripts/test-abyss-dock-resident-content-contract.py ----
Command: python3 scripts/test-abyss-dock-resident-content-contract.py
Working directory: /tmp/hadalis-validation.FfxEvY/Hadalis
Result: PASS

---- CHECK [18]: Python regression: scripts/test-abyss-edge-editor-adaptive-toolbar-contract.py ----
Command: python3 scripts/test-abyss-edge-editor-adaptive-toolbar-contract.py
Working directory: /tmp/hadalis-validation.FfxEvY/Hadalis
Result: PASS

---- CHECK [19]: Python regression: scripts/test-abyss-edge-editor-compact-actions-contract.py ----
Command: python3 scripts/test-abyss-edge-editor-compact-actions-contract.py
Working directory: /tmp/hadalis-validation.FfxEvY/Hadalis
Result: PASS

---- CHECK [20]: Python regression: scripts/test-abyss-edge-editor-compact-side-contract.py ----
Command: python3 scripts/test-abyss-edge-editor-compact-side-contract.py
Working directory: /tmp/hadalis-validation.FfxEvY/Hadalis
Result: PASS

---- CHECK [21]: Python regression: scripts/test-abyss-edge-editor-toolbar-contract.py ----
Command: python3 scripts/test-abyss-edge-editor-toolbar-contract.py
Working directory: /tmp/hadalis-validation.FfxEvY/Hadalis
Result: PASS

---- CHECK [22]: Python regression: scripts/test-abyss-edgebar-popup-sizing-contract.py ----
Command: python3 scripts/test-abyss-edgebar-popup-sizing-contract.py
Working directory: /tmp/hadalis-validation.FfxEvY/Hadalis
Result: PASS

---- CHECK [23]: Python regression: scripts/test-abyss-family-contract.py ----
Command: python3 scripts/test-abyss-family-contract.py
Working directory: /tmp/hadalis-validation.FfxEvY/Hadalis
Result: PASS

---- CHECK [24]: Python regression: scripts/test-abyss-generic-popup-presenter-contract.py ----
Command: python3 scripts/test-abyss-generic-popup-presenter-contract.py
Working directory: /tmp/hadalis-validation.FfxEvY/Hadalis
Result: PASS

---- CHECK [25]: Python regression: scripts/test-abyss-geometry-contract.py ----
Command: python3 scripts/test-abyss-geometry-contract.py
Working directory: /tmp/hadalis-validation.FfxEvY/Hadalis
Result: PASS

---- CHECK [26]: Python regression: scripts/test-abyss-input-region-contract.py ----
Command: python3 scripts/test-abyss-input-region-contract.py
Working directory: /tmp/hadalis-validation.FfxEvY/Hadalis
Result: PASS

---- CHECK [27]: Python regression: scripts/test-abyss-keyboard-runtime.py ----
Command: python3 scripts/test-abyss-keyboard-runtime.py
Working directory: /tmp/hadalis-validation.FfxEvY/Hadalis
Result: PASS

---- CHECK [28]: Python regression: scripts/test-abyss-launcher-dock-menu-contract.py ----
Command: python3 scripts/test-abyss-launcher-dock-menu-contract.py
Working directory: /tmp/hadalis-validation.FfxEvY/Hadalis
Result: PASS

---- CHECK [29]: Python regression: scripts/test-abyss-launcher-hover-owner-contract.py ----
Command: python3 scripts/test-abyss-launcher-hover-owner-contract.py
Working directory: /tmp/hadalis-validation.FfxEvY/Hadalis
Result: PASS

---- CHECK [30]: Python regression: scripts/test-abyss-launcher-live-editor-contract.py ----
Command: python3 scripts/test-abyss-launcher-live-editor-contract.py
Working directory: /tmp/hadalis-validation.FfxEvY/Hadalis
Result: PASS

---- CHECK [31]: Python regression: scripts/test-abyss-launcher-preset-popup-contract.py ----
Command: python3 scripts/test-abyss-launcher-preset-popup-contract.py
Working directory: /tmp/hadalis-validation.FfxEvY/Hadalis
Result: PASS

---- CHECK [32]: Python regression: scripts/test-abyss-launcher-status-mark-contract.py ----
Command: python3 scripts/test-abyss-launcher-status-mark-contract.py
Working directory: /tmp/hadalis-validation.FfxEvY/Hadalis
Result: PASS

---- CHECK [33]: Python regression: scripts/test-abyss-lossless-allocations.py ----
Command: python3 scripts/test-abyss-lossless-allocations.py
Working directory: /tmp/hadalis-validation.FfxEvY/Hadalis
Result: PASS

---- CHECK [34]: Python regression: scripts/test-abyss-module-field-runtime.py ----
Command: python3 scripts/test-abyss-module-field-runtime.py
Working directory: /tmp/hadalis-validation.FfxEvY/Hadalis
Result: PASS

---- CHECK [35]: Python regression: scripts/test-abyss-module-layout.py ----
Command: python3 scripts/test-abyss-module-layout.py
Working directory: /tmp/hadalis-validation.FfxEvY/Hadalis
Result: PASS

---- CHECK [36]: Python regression: scripts/test-abyss-niri-hover-layer-contract.py ----
Command: python3 scripts/test-abyss-niri-hover-layer-contract.py
Working directory: /tmp/hadalis-validation.FfxEvY/Hadalis
Result: PASS

---- CHECK [37]: Python regression: scripts/test-abyss-obstacle-allocations.py ----
Command: python3 scripts/test-abyss-obstacle-allocations.py
Working directory: /tmp/hadalis-validation.FfxEvY/Hadalis
Result: PASS

---- CHECK [38]: Python regression: scripts/test-abyss-popup-media-flash-contract.py ----
Command: python3 scripts/test-abyss-popup-media-flash-contract.py
Working directory: /tmp/hadalis-validation.FfxEvY/Hadalis
Result: PASS

---- CHECK [39]: Python regression: scripts/test-abyss-popup-ownership-contract.py ----
Command: python3 scripts/test-abyss-popup-ownership-contract.py
Working directory: /tmp/hadalis-validation.FfxEvY/Hadalis
Result: PASS

---- CHECK [40]: Python regression: scripts/test-abyss-presentation.py ----
Command: python3 scripts/test-abyss-presentation.py
Working directory: /tmp/hadalis-validation.FfxEvY/Hadalis
Result: PASS

---- CHECK [41]: Python regression: scripts/test-abyss-pyramid-v2-concurrent-reflow.py ----
Command: python3 scripts/test-abyss-pyramid-v2-concurrent-reflow.py
Working directory: /tmp/hadalis-validation.FfxEvY/Hadalis
Result: PASS

---- CHECK [42]: Python regression: scripts/test-abyss-pyramid-v2-foundation-contract.py ----
Command: python3 scripts/test-abyss-pyramid-v2-foundation-contract.py
Working directory: /tmp/hadalis-validation.FfxEvY/Hadalis
Result: PASS

---- CHECK [43]: Python regression: scripts/test-abyss-pyramid-v2-geometry.py ----
Command: python3 scripts/test-abyss-pyramid-v2-geometry.py
Working directory: /tmp/hadalis-validation.FfxEvY/Hadalis
Result: PASS

---- CHECK [44]: Python regression: scripts/test-abyss-pyramid-v2-motion-contract.py ----
Command: python3 scripts/test-abyss-pyramid-v2-motion-contract.py
Working directory: /tmp/hadalis-validation.FfxEvY/Hadalis
Result: PASS

---- CHECK [45]: Python regression: scripts/test-abyss-pyramid-v2-neighborhood.py ----
Command: python3 scripts/test-abyss-pyramid-v2-neighborhood.py
Working directory: /tmp/hadalis-validation.FfxEvY/Hadalis
Result: PASS

---- CHECK [46]: Python regression: scripts/test-abyss-pyramid-v2-transactions.py ----
Command: python3 scripts/test-abyss-pyramid-v2-transactions.py
Working directory: /tmp/hadalis-validation.FfxEvY/Hadalis
Result: PASS

---- CHECK [47]: Python regression: scripts/test-abyss-pyramid-v2-zero-motion-close.py ----
Command: python3 scripts/test-abyss-pyramid-v2-zero-motion-close.py
Working directory: /tmp/hadalis-validation.FfxEvY/Hadalis
Result: PASS

---- CHECK [48]: Python regression: scripts/test-abyss-settings-compact-contract.py ----
Command: python3 scripts/test-abyss-settings-compact-contract.py
Working directory: /tmp/hadalis-validation.FfxEvY/Hadalis
Result: PASS

---- CHECK [49]: Python regression: scripts/test-abyss-toast-dock-overlap-contract.py ----
Command: python3 scripts/test-abyss-toast-dock-overlap-contract.py
Working directory: /tmp/hadalis-validation.FfxEvY/Hadalis
Result: PASS

---- CHECK [50]: Python regression: scripts/test-abyss-utility-closing-kind.py ----
Command: python3 scripts/test-abyss-utility-closing-kind.py
Working directory: /tmp/hadalis-validation.FfxEvY/Hadalis
Result: PASS

---- CHECK [51]: Python regression: scripts/test-abyss-vacancy-borrowing.py ----
Command: python3 scripts/test-abyss-vacancy-borrowing.py
Working directory: /tmp/hadalis-validation.FfxEvY/Hadalis
Result: PASS

---- CHECK [52]: Python regression: scripts/test-abyss-wave-presets.py ----
Command: python3 scripts/test-abyss-wave-presets.py
Working directory: /tmp/hadalis-validation.FfxEvY/Hadalis
Result: PASS

---- CHECK [53]: Python regression: scripts/test-abyss-wave-solver.py ----
Command: python3 scripts/test-abyss-wave-solver.py
Working directory: /tmp/hadalis-validation.FfxEvY/Hadalis
Result: PASS

---- CHECK [54]: Python regression: scripts/test-anti-flashbang-policy.py ----
Command: python3 scripts/test-anti-flashbang-policy.py
Working directory: /tmp/hadalis-validation.FfxEvY/Hadalis
Result: PASS

---- CHECK [55]: Python regression: scripts/test-audio-output-routing.py ----
Command: python3 scripts/test-audio-output-routing.py
Working directory: /tmp/hadalis-validation.FfxEvY/Hadalis
Result: PASS

---- CHECK [56]: Python regression: scripts/test-audio-tracked-nodes-parity.py ----
Command: python3 scripts/test-audio-tracked-nodes-parity.py
Working directory: /tmp/hadalis-validation.FfxEvY/Hadalis
Result: PASS

---- CHECK [57]: Python regression: scripts/test-bar-active-window-width-contract.py ----
Command: python3 scripts/test-bar-active-window-width-contract.py
Working directory: /tmp/hadalis-validation.FfxEvY/Hadalis
Result: PASS

---- CHECK [58]: Python regression: scripts/test-bar-adaptive-packing.py ----
Command: python3 scripts/test-bar-adaptive-packing.py
Working directory: /tmp/hadalis-validation.FfxEvY/Hadalis
Result: PASS

---- CHECK [59]: Python regression: scripts/test-bar-auxiliary-indicator-runtime.py ----
Command: python3 scripts/test-bar-auxiliary-indicator-runtime.py
Working directory: /tmp/hadalis-validation.FfxEvY/Hadalis
Result: PASS

---- CHECK [60]: Python regression: scripts/test-bar-media-popup-layout-contract.py ----
Command: python3 scripts/test-bar-media-popup-layout-contract.py
Working directory: /tmp/hadalis-validation.FfxEvY/Hadalis
Result: PASS

---- CHECK [61]: Python regression: scripts/test-bar-media-width-contract.py ----
Command: python3 scripts/test-bar-media-width-contract.py
Working directory: /tmp/hadalis-validation.FfxEvY/Hadalis
Result: PASS

---- CHECK [62]: Python regression: scripts/test-bar-module-scaling.py ----
Command: python3 scripts/test-bar-module-scaling.py
Working directory: /tmp/hadalis-validation.FfxEvY/Hadalis
Result: PASS

---- CHECK [63]: Python regression: scripts/test-bar-orientation-module-sync.py ----
Command: python3 scripts/test-bar-orientation-module-sync.py
Working directory: /tmp/hadalis-validation.FfxEvY/Hadalis
Result: PASS

---- CHECK [64]: Python regression: scripts/test-bar-taskbar-overflow-parity.py ----
Command: python3 scripts/test-bar-taskbar-overflow-parity.py
Working directory: /tmp/hadalis-validation.FfxEvY/Hadalis
Result: PASS

---- CHECK [65]: Python regression: scripts/test-calendar-weather-composition-contract.py ----
Command: python3 scripts/test-calendar-weather-composition-contract.py
Working directory: /tmp/hadalis-validation.FfxEvY/Hadalis
Result: PASS

---- CHECK [66]: Python regression: scripts/test-cava-warm-spectrum-runtime.py ----
Command: python3 scripts/test-cava-warm-spectrum-runtime.py
Working directory: /tmp/hadalis-validation.FfxEvY/Hadalis
Result: PASS

---- CHECK [67]: Python regression: scripts/test-cheatsheet-focus-close-contract.py ----
Command: python3 scripts/test-cheatsheet-focus-close-contract.py
Working directory: /tmp/hadalis-validation.FfxEvY/Hadalis
Result: PASS

---- CHECK [68]: Python regression: scripts/test-clipboard-image-classification-contract.py ----
Command: python3 scripts/test-clipboard-image-classification-contract.py
Working directory: /tmp/hadalis-validation.FfxEvY/Hadalis
Result: PASS

---- CHECK [69]: Python regression: scripts/test-clipboard-image-mime-contract.py ----
Command: python3 scripts/test-clipboard-image-mime-contract.py
Working directory: /tmp/hadalis-validation.FfxEvY/Hadalis
Result: PASS

---- CHECK [70]: Python regression: scripts/test-clipboard-image-runtime.py ----
Command: python3 scripts/test-clipboard-image-runtime.py
Working directory: /tmp/hadalis-validation.FfxEvY/Hadalis
Result: PASS

---- CHECK [71]: Python regression: scripts/test-clipboard-image-thumbnail-contract.py ----
Command: python3 scripts/test-clipboard-image-thumbnail-contract.py
Working directory: /tmp/hadalis-validation.FfxEvY/Hadalis
Result: PASS

---- CHECK [72]: Python regression: scripts/test-clipboard-owner-image-metadata-contract.py ----
Command: python3 scripts/test-clipboard-owner-image-metadata-contract.py
Working directory: /tmp/hadalis-validation.FfxEvY/Hadalis
Result: PASS

---- CHECK [73]: Python regression: scripts/test-clipboard-watcher-contract.py ----
Command: python3 scripts/test-clipboard-watcher-contract.py
Working directory: /tmp/hadalis-validation.FfxEvY/Hadalis
Result: PASS

---- CHECK [74]: Python regression: scripts/test-config-inflight-mutation-runtime.py ----
Command: python3 scripts/test-config-inflight-mutation-runtime.py
Working directory: /tmp/hadalis-validation.FfxEvY/Hadalis
Result: PASS

---- CHECK [75]: Python regression: scripts/test-connected-input-lifecycle.py ----
Command: python3 scripts/test-connected-input-lifecycle.py
Working directory: /tmp/hadalis-validation.FfxEvY/Hadalis
Result: PASS

---- CHECK [76]: Python regression: scripts/test-connected-route-lifecycle.py ----
Command: python3 scripts/test-connected-route-lifecycle.py
Working directory: /tmp/hadalis-validation.FfxEvY/Hadalis
Result: PASS

---- CHECK [77]: Python regression: scripts/test-custom-theme-quick-adjustments-parity.py ----
Command: python3 scripts/test-custom-theme-quick-adjustments-parity.py
Working directory: /tmp/hadalis-validation.FfxEvY/Hadalis
Result: PASS

---- CHECK [78]: Python regression: scripts/test-dashboard-collision-behavior.py ----
Command: python3 scripts/test-dashboard-collision-behavior.py
Working directory: /tmp/hadalis-validation.FfxEvY/Hadalis
Result: PASS

---- CHECK [79]: Python regression: scripts/test-dashboard-content-aware-add-all-contract.py ----
Command: python3 scripts/test-dashboard-content-aware-add-all-contract.py
Working directory: /tmp/hadalis-validation.FfxEvY/Hadalis
Result: PASS

---- CHECK [80]: Python regression: scripts/test-dashboard-edit-transaction-contract.py ----
Command: python3 scripts/test-dashboard-edit-transaction-contract.py
Working directory: /tmp/hadalis-validation.FfxEvY/Hadalis
Result: PASS

---- CHECK [81]: Python regression: scripts/test-dashboard-editor-field-runtime.py ----
Command: python3 scripts/test-dashboard-editor-field-runtime.py
Working directory: /tmp/hadalis-validation.FfxEvY/Hadalis
Result: PASS

---- CHECK [82]: Python regression: scripts/test-dashboard-freeform-contract.py ----
Command: python3 scripts/test-dashboard-freeform-contract.py
Working directory: /tmp/hadalis-validation.FfxEvY/Hadalis
Result: PASS

---- CHECK [83]: Python regression: scripts/test-dashboard-github-visual-hierarchy.py ----
Command: python3 scripts/test-dashboard-github-visual-hierarchy.py
Working directory: /tmp/hadalis-validation.FfxEvY/Hadalis
Result: PASS

---- CHECK [84]: Python regression: scripts/test-dashboard-media-shared-player-contract.py ----
Command: python3 scripts/test-dashboard-media-shared-player-contract.py
Working directory: /tmp/hadalis-validation.FfxEvY/Hadalis
Result: PASS

---- CHECK [85]: Python regression: scripts/test-dashboard-music-browser-navigation-contract.py ----
Command: python3 scripts/test-dashboard-music-browser-navigation-contract.py
Working directory: /tmp/hadalis-validation.FfxEvY/Hadalis
Result: PASS

---- CHECK [86]: Python regression: scripts/test-dashboard-music-migration.py ----
Command: python3 scripts/test-dashboard-music-migration.py
Working directory: /tmp/hadalis-validation.FfxEvY/Hadalis
Result: PASS

---- CHECK [87]: Python regression: scripts/test-dashboard-music-runtime.py ----
Command: python3 scripts/test-dashboard-music-runtime.py
Working directory: /tmp/hadalis-validation.FfxEvY/Hadalis
Result: PASS

---- CHECK [88]: Python regression: scripts/test-dashboard-presentation-motion-contract.py ----
Command: python3 scripts/test-dashboard-presentation-motion-contract.py
Working directory: /tmp/hadalis-validation.FfxEvY/Hadalis
Result: PASS

---- CHECK [89]: Python regression: scripts/test-dashboard-prioritized-add-all-contract.py ----
Command: python3 scripts/test-dashboard-prioritized-add-all-contract.py
Working directory: /tmp/hadalis-validation.FfxEvY/Hadalis
Result: PASS

---- CHECK [90]: Python regression: scripts/test-dashboard-responsive-overlap-parity.py ----
Command: python3 scripts/test-dashboard-responsive-overlap-parity.py
Working directory: /tmp/hadalis-validation.FfxEvY/Hadalis
Result: PASS

---- CHECK [91]: Python regression: scripts/test-dashboard-search-system-refinement-contract.py ----
Command: python3 scripts/test-dashboard-search-system-refinement-contract.py
Working directory: /tmp/hadalis-validation.FfxEvY/Hadalis
Result: PASS

---- CHECK [92]: Python regression: scripts/test-dashboard-smart-layout-contract.py ----
Command: python3 scripts/test-dashboard-smart-layout-contract.py
Working directory: /tmp/hadalis-validation.FfxEvY/Hadalis
Result: PASS

---- CHECK [93]: Python regression: scripts/test-dashboard-todo-concept-contract.py ----
Command: python3 scripts/test-dashboard-todo-concept-contract.py
Working directory: /tmp/hadalis-validation.FfxEvY/Hadalis
Result: PASS

---- CHECK [94]: Python regression: scripts/test-dashboard-todo-layout-contract.py ----
Command: python3 scripts/test-dashboard-todo-layout-contract.py
Working directory: /tmp/hadalis-validation.FfxEvY/Hadalis
Result: PASS

---- CHECK [95]: Python regression: scripts/test-dashboard-warm-readiness.py ----
Command: python3 scripts/test-dashboard-warm-readiness.py
Working directory: /tmp/hadalis-validation.FfxEvY/Hadalis
Result: PASS

---- CHECK [96]: Python regression: scripts/test-dashboard-workspace.py ----
Command: python3 scripts/test-dashboard-workspace.py
Working directory: /tmp/hadalis-validation.FfxEvY/Hadalis
Result: PASS

---- CHECK [97]: Python regression: scripts/test-deferred-service-materialization-contract.py ----
Command: python3 scripts/test-deferred-service-materialization-contract.py
Working directory: /tmp/hadalis-validation.FfxEvY/Hadalis
Result: PASS

---- CHECK [98]: Python regression: scripts/test-desktop-context-menu-hover-contract.py ----
Command: python3 scripts/test-desktop-context-menu-hover-contract.py
Working directory: /tmp/hadalis-validation.FfxEvY/Hadalis
Result: PASS

---- CHECK [99]: Python regression: scripts/test-desktop-widget-editor-coordinates.py ----
Command: python3 scripts/test-desktop-widget-editor-coordinates.py
Working directory: /tmp/hadalis-validation.FfxEvY/Hadalis
Result: PASS

---- CHECK [100]: Python regression: scripts/test-desktop-widget-editor-placement.py ----
Command: python3 scripts/test-desktop-widget-editor-placement.py
Working directory: /tmp/hadalis-validation.FfxEvY/Hadalis
Result: PASS

---- CHECK [101]: Python regression: scripts/test-desktop-widget-editor-runtime.py ----
Command: python3 scripts/test-desktop-widget-editor-runtime.py
Working directory: /tmp/hadalis-validation.FfxEvY/Hadalis
Result: PASS

---- CHECK [102]: Python regression: scripts/test-dock-abyss-hover-orientation-contract.py ----
Command: python3 scripts/test-dock-abyss-hover-orientation-contract.py
Working directory: /tmp/hadalis-validation.FfxEvY/Hadalis
Result: PASS

---- CHECK [103]: Python regression: scripts/test-equalizer-presentation-runtime.py ----
Command: python3 scripts/test-equalizer-presentation-runtime.py
Working directory: /tmp/hadalis-validation.FfxEvY/Hadalis
Result: PASS

---- CHECK [104]: Python regression: scripts/test-fcitx5-session-integration.py ----
Command: python3 scripts/test-fcitx5-session-integration.py
Working directory: /tmp/hadalis-validation.FfxEvY/Hadalis
Result: PASS

---- CHECK [105]: Python regression: scripts/test-fcitx5-settings-integration.py ----
Command: python3 scripts/test-fcitx5-settings-integration.py
Working directory: /tmp/hadalis-validation.FfxEvY/Hadalis
Result: PASS

---- CHECK [106]: Python regression: scripts/test-global-actions-query-parity.py ----
Command: python3 scripts/test-global-actions-query-parity.py
Working directory: /tmp/hadalis-validation.FfxEvY/Hadalis
Result: PASS

---- CHECK [107]: Python regression: scripts/test-hadalird-arch-package.py ----
Command: python3 scripts/test-hadalird-arch-package.py
Working directory: /tmp/hadalis-validation.FfxEvY/Hadalis
Result: PASS

---- CHECK [108]: Python regression: scripts/test-hadalird-gateway-bootstrap.py ----
Command: python3 scripts/test-hadalird-gateway-bootstrap.py
Working directory: /tmp/hadalis-validation.FfxEvY/Hadalis
Result: PASS

---- CHECK [109]: Python regression: scripts/test-hadalird-install-lifecycle.py ----
Command: python3 scripts/test-hadalird-install-lifecycle.py
Working directory: /tmp/hadalis-validation.FfxEvY/Hadalis
Result: PASS

---- CHECK [110]: Python regression: scripts/test-hadalird-manager.py ----
Command: python3 scripts/test-hadalird-manager.py
Working directory: /tmp/hadalis-validation.FfxEvY/Hadalis
Result: PASS

---- CHECK [111]: Python regression: scripts/test-hadalird-obsidian-wrapper.py ----
Command: python3 scripts/test-hadalird-obsidian-wrapper.py
Working directory: /tmp/hadalis-validation.FfxEvY/Hadalis
Result: PASS

---- CHECK [112]: Python regression: scripts/test-hadalird-optional.py ----
Command: python3 scripts/test-hadalird-optional.py
Working directory: /tmp/hadalis-validation.FfxEvY/Hadalis
Result: PASS

---- CHECK [113]: Python regression: scripts/test-hadalird-polkit-visibility.py ----
Command: python3 scripts/test-hadalird-polkit-visibility.py
Working directory: /tmp/hadalis-validation.FfxEvY/Hadalis
Result: PASS

---- CHECK [114]: Python regression: scripts/test-hadalird-preferences-migration.py ----
Command: python3 scripts/test-hadalird-preferences-migration.py
Working directory: /tmp/hadalis-validation.FfxEvY/Hadalis
Result: PASS

---- CHECK [115]: Python regression: scripts/test-hadalird-settings-flow.py ----
Command: python3 scripts/test-hadalird-settings-flow.py
Working directory: /tmp/hadalis-validation.FfxEvY/Hadalis
Result: PASS

---- CHECK [116]: Python regression: scripts/test-hadalird-system-provision.py ----
Command: python3 scripts/test-hadalird-system-provision.py
Working directory: /tmp/hadalis-validation.FfxEvY/Hadalis
Result: PASS

---- CHECK [117]: Python regression: scripts/test-hadanion-layer-shell.py ----
Command: python3 scripts/test-hadanion-layer-shell.py
Working directory: /tmp/hadalis-validation.FfxEvY/Hadalis
Result: PASS

---- CHECK [118]: Python regression: scripts/test-hadanion-optional.py ----
Command: python3 scripts/test-hadanion-optional.py
Working directory: /tmp/hadalis-validation.FfxEvY/Hadalis
Result: PASS

---- CHECK [119]: Python regression: scripts/test-inir-process-cleanup.py ----
Command: python3 scripts/test-inir-process-cleanup.py
Working directory: /tmp/hadalis-validation.FfxEvY/Hadalis
Result: PASS

---- CHECK [120]: Python regression: scripts/test-ipc-registry-generator.py ----
Command: python3 scripts/test-ipc-registry-generator.py
Working directory: /tmp/hadalis-validation.FfxEvY/Hadalis
Result: PASS

---- CHECK [121]: Python regression: scripts/test-iris-corner-poc-contract.py ----
Command: python3 scripts/test-iris-corner-poc-contract.py
Working directory: /tmp/hadalis-validation.FfxEvY/Hadalis
Result: PASS

---- CHECK [122]: Python regression: scripts/test-iris-g2-contract.py ----
Command: python3 scripts/test-iris-g2-contract.py
Working directory: /tmp/hadalis-validation.FfxEvY/Hadalis
Result: PASS

---- CHECK [123]: Python regression: scripts/test-iris-production-surface-contract.py ----
Command: python3 scripts/test-iris-production-surface-contract.py
Working directory: /tmp/hadalis-validation.FfxEvY/Hadalis
Result: PASS

---- CHECK [124]: Python regression: scripts/test-light-mode-upstream-contract.py ----
Command: python3 scripts/test-light-mode-upstream-contract.py
Working directory: /tmp/hadalis-validation.FfxEvY/Hadalis
Result: PASS

---- CHECK [125]: Python regression: scripts/test-loading-presentation-contract.py ----
Command: python3 scripts/test-loading-presentation-contract.py
Working directory: /tmp/hadalis-validation.FfxEvY/Hadalis
Result: PASS

---- CHECK [126]: Python regression: scripts/test-local-ai-gguf-runtime.py ----
Command: python3 scripts/test-local-ai-gguf-runtime.py
Working directory: /tmp/hadalis-validation.FfxEvY/Hadalis
Result: PASS

---- CHECK [127]: Python regression: scripts/test-local-model-folder.py ----
Command: python3 scripts/test-local-model-folder.py
Working directory: /tmp/hadalis-validation.FfxEvY/Hadalis
Result: PASS

---- CHECK [128]: Python regression: scripts/test-local-model-formats.py ----
Command: python3 scripts/test-local-model-formats.py
Working directory: /tmp/hadalis-validation.FfxEvY/Hadalis
Result: PASS

---- CHECK [129]: Python regression: scripts/test-local-music-contract.py ----
Command: python3 scripts/test-local-music-contract.py
Working directory: /tmp/hadalis-validation.FfxEvY/Hadalis
Result: PASS

---- CHECK [130]: Python regression: scripts/test-local-music-demand-runtime.py ----
Command: python3 scripts/test-local-music-demand-runtime.py
Working directory: /tmp/hadalis-validation.FfxEvY/Hadalis
Result: PASS

---- CHECK [131]: Python regression: scripts/test-local-music-folder-release.py ----
Command: python3 scripts/test-local-music-folder-release.py
Working directory: /tmp/hadalis-validation.FfxEvY/Hadalis
Result: PASS

---- CHECK [132]: Python regression: scripts/test-local-music-mpd-playback-runtime.py ----
Command: python3 scripts/test-local-music-mpd-playback-runtime.py
Working directory: /tmp/hadalis-validation.FfxEvY/Hadalis
Result: PASS

---- CHECK [133]: Python regression: scripts/test-local-music-mutation-runtime.py ----
Command: python3 scripts/test-local-music-mutation-runtime.py
Working directory: /tmp/hadalis-validation.FfxEvY/Hadalis
Result: PASS

---- CHECK [134]: Python regression: scripts/test-material-only-docs-contract.py ----
Command: python3 scripts/test-material-only-docs-contract.py
Working directory: /tmp/hadalis-validation.FfxEvY/Hadalis
Result: PASS

---- CHECK [135]: Python regression: scripts/test-material-only-global-style-contract.py ----
Command: python3 scripts/test-material-only-global-style-contract.py
Working directory: /tmp/hadalis-validation.FfxEvY/Hadalis
Result: PASS

---- CHECK [136]: Python regression: scripts/test-material-only-settings-contract.py ----
Command: python3 scripts/test-material-only-settings-contract.py
Working directory: /tmp/hadalis-validation.FfxEvY/Hadalis
Result: PASS

---- CHECK [137]: Python regression: scripts/test-material-presentation-model-contract.py ----
Command: python3 scripts/test-material-presentation-model-contract.py
Working directory: /tmp/hadalis-validation.FfxEvY/Hadalis
Result: PASS

---- CHECK [138]: Python regression: scripts/test-media-popup-tabs-contract.py ----
Command: python3 scripts/test-media-popup-tabs-contract.py
Working directory: /tmp/hadalis-validation.FfxEvY/Hadalis
Result: PASS

---- CHECK [139]: Python regression: scripts/test-media-surface-controls-contract.py ----
Command: python3 scripts/test-media-surface-controls-contract.py
Working directory: /tmp/hadalis-validation.FfxEvY/Hadalis
Result: PASS

---- CHECK [140]: Python regression: scripts/test-media-visualizer-lifecycle-contract.py ----
Command: python3 scripts/test-media-visualizer-lifecycle-contract.py
Working directory: /tmp/hadalis-validation.FfxEvY/Hadalis
Result: PASS

---- CHECK [141]: Python regression: scripts/test-native-debug-first-frame.py ----
Command: python3 scripts/test-native-debug-first-frame.py
Working directory: /tmp/hadalis-validation.FfxEvY/Hadalis
Result: PASS

---- CHECK [142]: Python regression: scripts/test-niri-config-structural-read.py ----
Command: python3 scripts/test-niri-config-structural-read.py
Working directory: /tmp/hadalis-validation.FfxEvY/Hadalis
Result: PASS

---- CHECK [143]: Python regression: scripts/test-notification-center-bottom-right-contract.py ----
Command: python3 scripts/test-notification-center-bottom-right-contract.py
Working directory: /tmp/hadalis-validation.FfxEvY/Hadalis
Result: PASS

---- CHECK [144]: Python regression: scripts/test-notification-center-card-layout-contract.py ----
Command: python3 scripts/test-notification-center-card-layout-contract.py
Working directory: /tmp/hadalis-validation.FfxEvY/Hadalis
Result: PASS

---- CHECK [145]: Python regression: scripts/test-notification-center-contract.py ----
Command: python3 scripts/test-notification-center-contract.py
Working directory: /tmp/hadalis-validation.FfxEvY/Hadalis
Result: PASS

---- CHECK [146]: Python regression: scripts/test-notification-settings-runtime.py ----
Command: python3 scripts/test-notification-settings-runtime.py
Working directory: /tmp/hadalis-validation.FfxEvY/Hadalis
Result: PASS

---- CHECK [147]: Python regression: scripts/test-notification-timeout-runtime.py ----
Command: python3 scripts/test-notification-timeout-runtime.py
Working directory: /tmp/hadalis-validation.FfxEvY/Hadalis
Result: PASS

---- CHECK [148]: Python regression: scripts/test-osd-connected-surface-contract.py ----
Command: python3 scripts/test-osd-connected-surface-contract.py
Working directory: /tmp/hadalis-validation.FfxEvY/Hadalis
Result: PASS

---- CHECK [149]: Python regression: scripts/test-overview-hover-contract.py ----
Command: python3 scripts/test-overview-hover-contract.py
Working directory: /tmp/hadalis-validation.FfxEvY/Hadalis
Result: PASS

---- CHECK [150]: Python regression: scripts/test-overview-niri-drag-contract.py ----
Command: python3 scripts/test-overview-niri-drag-contract.py
Working directory: /tmp/hadalis-validation.FfxEvY/Hadalis
Result: PASS

---- CHECK [151]: Python regression: scripts/test-owner-ui-regressions-contract.py ----
Command: python3 scripts/test-owner-ui-regressions-contract.py
Working directory: /tmp/hadalis-validation.FfxEvY/Hadalis
Result: PASS

---- CHECK [152]: Python regression: scripts/test-p0-settings-navigation-contract.py ----
Command: python3 scripts/test-p0-settings-navigation-contract.py
Working directory: /tmp/hadalis-validation.FfxEvY/Hadalis
Result: PASS

---- CHECK [153]: Python regression: scripts/test-panel-style-migration.py ----
Command: python3 scripts/test-panel-style-migration.py
Working directory: /tmp/hadalis-validation.FfxEvY/Hadalis
Result: PASS

---- CHECK [154]: Python regression: scripts/test-popup-anchor-hover-runtime.py ----
Command: python3 scripts/test-popup-anchor-hover-runtime.py
Working directory: /tmp/hadalis-validation.FfxEvY/Hadalis
Result: PASS

---- CHECK [155]: Python regression: scripts/test-popup-cold-start-lifecycle-runtime.py ----
Command: python3 scripts/test-popup-cold-start-lifecycle-runtime.py
Working directory: /tmp/hadalis-validation.FfxEvY/Hadalis
Result: PASS

---- CHECK [156]: Python regression: scripts/test-popup-cold-start-source-contract.py ----
Command: python3 scripts/test-popup-cold-start-source-contract.py
Working directory: /tmp/hadalis-validation.FfxEvY/Hadalis
Result: PASS

---- CHECK [157]: Python regression: scripts/test-popup-tooltip-hover-contract.py ----
Command: python3 scripts/test-popup-tooltip-hover-contract.py
Working directory: /tmp/hadalis-validation.FfxEvY/Hadalis
Result: PASS

---- CHECK [158]: Python regression: scripts/test-qml-syntax-check.py ----
Command: python3 scripts/test-qml-syntax-check.py
Working directory: /tmp/hadalis-validation.FfxEvY/Hadalis
Result: PASS

---- CHECK [159]: Python regression: scripts/test-quick-action-drag-visibility-contract.py ----
Command: python3 scripts/test-quick-action-drag-visibility-contract.py
Working directory: /tmp/hadalis-validation.FfxEvY/Hadalis
Result: PASS

---- CHECK [160]: Python regression: scripts/test-quick-action-icon-order-contract.py ----
Command: python3 scripts/test-quick-action-icon-order-contract.py
Working directory: /tmp/hadalis-validation.FfxEvY/Hadalis
Result: PASS

---- CHECK [161]: Python regression: scripts/test-quick-action-settings-titles-contract.py ----
Command: python3 scripts/test-quick-action-settings-titles-contract.py
Working directory: /tmp/hadalis-validation.FfxEvY/Hadalis
Result: PASS

---- CHECK [162]: Python regression: scripts/test-quick-notes-attachments.py ----
Command: python3 scripts/test-quick-notes-attachments.py
Working directory: /tmp/hadalis-validation.FfxEvY/Hadalis
Result: PASS

---- CHECK [163]: Python regression: scripts/test-quick-notes-corner-contract.py ----
Command: python3 scripts/test-quick-notes-corner-contract.py
Working directory: /tmp/hadalis-validation.FfxEvY/Hadalis
Result: PASS

---- CHECK [164]: Python regression: scripts/test-quick-notes-image-runtime.py ----
Command: python3 scripts/test-quick-notes-image-runtime.py
Working directory: /tmp/hadalis-validation.FfxEvY/Hadalis
Result: PASS

---- CHECK [165]: Python regression: scripts/test-quick-notes-pin-runtime.py ----
Command: python3 scripts/test-quick-notes-pin-runtime.py
Working directory: /tmp/hadalis-validation.FfxEvY/Hadalis
Result: PASS

---- CHECK [166]: Python regression: scripts/test-quick-notes-popup-pin-contract.py ----
Command: python3 scripts/test-quick-notes-popup-pin-contract.py
Working directory: /tmp/hadalis-validation.FfxEvY/Hadalis
Result: PASS

---- CHECK [167]: Python regression: scripts/test-recording-abyss-runtime.py ----
Command: python3 scripts/test-recording-abyss-runtime.py
Working directory: /tmp/hadalis-validation.FfxEvY/Hadalis
Result: PASS

---- CHECK [168]: Python regression: scripts/test-reload-notification-runtime.py ----
Command: python3 scripts/test-reload-notification-runtime.py
Working directory: /tmp/hadalis-validation.FfxEvY/Hadalis
Result: PASS

---- CHECK [169]: Python regression: scripts/test-reload-toast-contract.py ----
Command: python3 scripts/test-reload-toast-contract.py
Working directory: /tmp/hadalis-validation.FfxEvY/Hadalis
Result: PASS

---- CHECK [170]: Python regression: scripts/test-remove-pyramid-close-animation-contract.py ----
Command: python3 scripts/test-remove-pyramid-close-animation-contract.py
Working directory: /tmp/hadalis-validation.FfxEvY/Hadalis
Result: PASS

---- CHECK [171]: Python regression: scripts/test-runtime-integration-dependencies.py ----
Command: python3 scripts/test-runtime-integration-dependencies.py
Working directory: /tmp/hadalis-validation.FfxEvY/Hadalis
Result: PASS

---- CHECK [172]: Python regression: scripts/test-runtime-unblock-abyss-contract.py ----
Command: python3 scripts/test-runtime-unblock-abyss-contract.py
Working directory: /tmp/hadalis-validation.FfxEvY/Hadalis
Result: PASS

---- CHECK [173]: Python regression: scripts/test-screen-edge-analytic-field-contract.py ----
Command: python3 scripts/test-screen-edge-analytic-field-contract.py
Working directory: /tmp/hadalis-validation.FfxEvY/Hadalis
Result: PASS

---- CHECK [174]: Python regression: scripts/test-screen-edge-analytic-perceptual.py ----
Command: python3 scripts/test-screen-edge-analytic-perceptual.py
Working directory: /tmp/hadalis-validation.FfxEvY/Hadalis
Result: PASS

---- CHECK [175]: Python regression: scripts/test-screen-edge-banded-perceptual.py ----
Command: python3 scripts/test-screen-edge-banded-perceptual.py
Working directory: /tmp/hadalis-validation.FfxEvY/Hadalis
Result: PASS

---- CHECK [176]: Python regression: scripts/test-screen-edge-output-targeting.py ----
Command: python3 scripts/test-screen-edge-output-targeting.py
Working directory: /tmp/hadalis-validation.FfxEvY/Hadalis
Result: PASS

---- CHECK [177]: Python regression: scripts/test-screen-edge-shadow-padding-parity.py ----
Command: python3 scripts/test-screen-edge-shadow-padding-parity.py
Working directory: /tmp/hadalis-validation.FfxEvY/Hadalis
Result: PASS

---- CHECK [178]: Python regression: scripts/test-screen-edge-shadow-raster-perceptual.py ----
Command: python3 scripts/test-screen-edge-shadow-raster-perceptual.py
Working directory: /tmp/hadalis-validation.FfxEvY/Hadalis
Result: PASS

---- CHECK [179]: Python regression: scripts/test-settings-concise-copy-surface.py ----
Command: python3 scripts/test-settings-concise-copy-surface.py
Working directory: /tmp/hadalis-validation.FfxEvY/Hadalis
Result: PASS

---- CHECK [180]: Python regression: scripts/test-settings-flat-navigation.py ----
Command: python3 scripts/test-settings-flat-navigation.py
Working directory: /tmp/hadalis-validation.FfxEvY/Hadalis
Result: PASS

---- CHECK [181]: Python regression: scripts/test-settings-hierarchy-runtime.py ----
Command: python3 scripts/test-settings-hierarchy-runtime.py
Working directory: /tmp/hadalis-validation.FfxEvY/Hadalis
Result: PASS

---- CHECK [182]: Python regression: scripts/test-settings-information-architecture.py ----
Command: python3 scripts/test-settings-information-architecture.py
Working directory: /tmp/hadalis-validation.FfxEvY/Hadalis
Result: PASS

---- CHECK [183]: Python regression: scripts/test-settings-inir-task-tabs-contract.py ----
Command: python3 scripts/test-settings-inir-task-tabs-contract.py
Working directory: /tmp/hadalis-validation.FfxEvY/Hadalis
Result: PASS

---- CHECK [184]: Python regression: scripts/test-settings-inline-search-layout.py ----
Command: python3 scripts/test-settings-inline-search-layout.py
Working directory: /tmp/hadalis-validation.FfxEvY/Hadalis
Result: PASS

---- CHECK [185]: Python regression: scripts/test-settings-navigation-behavior.py ----
Command: python3 scripts/test-settings-navigation-behavior.py
Working directory: /tmp/hadalis-validation.FfxEvY/Hadalis
Result: PASS

---- CHECK [186]: Python regression: scripts/test-settings-ownership-cleanup.py ----
Command: python3 scripts/test-settings-ownership-cleanup.py
Working directory: /tmp/hadalis-validation.FfxEvY/Hadalis
Result: PASS

---- CHECK [187]: Python regression: scripts/test-shell-critical-qml-module-manifests.py ----
Command: python3 scripts/test-shell-critical-qml-module-manifests.py
Working directory: /tmp/hadalis-validation.FfxEvY/Hadalis
Result: PASS

---- CHECK [188]: Python regression: scripts/test-shell-elevation-shadow-contract.py ----
Command: python3 scripts/test-shell-elevation-shadow-contract.py
Working directory: /tmp/hadalis-validation.FfxEvY/Hadalis
Result: PASS

---- CHECK [189]: Python regression: scripts/test-shell-surface-contracts.py ----
Command: python3 scripts/test-shell-surface-contracts.py
Working directory: /tmp/hadalis-validation.FfxEvY/Hadalis
Result: FAIL (exit 1)
BEGIN FAILURE: Python regression: scripts/test-shell-surface-contracts.py
Command: python3 scripts/test-shell-surface-contracts.py
Exit code: 1
Working directory: /tmp/hadalis-validation.FfxEvY/Hadalis
Output:
Shell surface contract regression(s):
  - modules/settings/SettingsOverlay.qml iRiS bottom-attachment contract missing: PolkitService.active ? WlrLayer.Top : WlrLayer.Overlay
  - modules/settings/SettingsFocus.qml iRiS bottom-attachment contract missing: PolkitService.active ? WlrLayer.Top : WlrLayer.Overlay
END FAILURE: Python regression: scripts/test-shell-surface-contracts.py

---- CHECK [190]: Python regression: scripts/test-startup-qml-surface-regression.py ----
Command: python3 scripts/test-startup-qml-surface-regression.py
Working directory: /tmp/hadalis-validation.FfxEvY/Hadalis
Result: PASS

---- CHECK [191]: Python regression: scripts/test-styled-popup-content-contract.py ----
Command: python3 scripts/test-styled-popup-content-contract.py
Working directory: /tmp/hadalis-validation.FfxEvY/Hadalis
Result: PASS

---- CHECK [192]: Python regression: scripts/test-surface-motion-contract.py ----
Command: python3 scripts/test-surface-motion-contract.py
Working directory: /tmp/hadalis-validation.FfxEvY/Hadalis
Result: PASS

---- CHECK [193]: Python regression: scripts/test-taskbar-app-model-contract.py ----
Command: python3 scripts/test-taskbar-app-model-contract.py
Working directory: /tmp/hadalis-validation.FfxEvY/Hadalis
Result: PASS

---- CHECK [194]: Python regression: scripts/test-thinkfan-system-monitor-contract.py ----
Command: python3 scripts/test-thinkfan-system-monitor-contract.py
Working directory: /tmp/hadalis-validation.FfxEvY/Hadalis
Result: PASS

---- CHECK [195]: Python regression: scripts/test-timer-presentation-contract.py ----
Command: python3 scripts/test-timer-presentation-contract.py
Working directory: /tmp/hadalis-validation.FfxEvY/Hadalis
Result: PASS

---- CHECK [196]: Python regression: scripts/test-todo-backend-contract.py ----
Command: python3 scripts/test-todo-backend-contract.py
Working directory: /tmp/hadalis-validation.FfxEvY/Hadalis
Result: PASS

---- CHECK [197]: Python regression: scripts/test-todo-config-schema.py ----
Command: python3 scripts/test-todo-config-schema.py
Working directory: /tmp/hadalis-validation.FfxEvY/Hadalis
Result: PASS

---- CHECK [198]: Python regression: scripts/test-todo-obsidian-daily-backend-contract.py ----
Command: python3 scripts/test-todo-obsidian-daily-backend-contract.py
Working directory: /tmp/hadalis-validation.FfxEvY/Hadalis
Result: PASS

---- CHECK [199]: Python regression: scripts/test-todo-obsidian-read-backend-contract.py ----
Command: python3 scripts/test-todo-obsidian-read-backend-contract.py
Working directory: /tmp/hadalis-validation.FfxEvY/Hadalis
Result: PASS

---- CHECK [200]: Python regression: scripts/test-todo-obsidian-settings-deeplink.py ----
Command: python3 scripts/test-todo-obsidian-settings-deeplink.py
Working directory: /tmp/hadalis-validation.FfxEvY/Hadalis
Result: PASS

---- CHECK [201]: Python regression: scripts/test-todo-obsidian-settings-ui.py ----
Command: python3 scripts/test-todo-obsidian-settings-ui.py
Working directory: /tmp/hadalis-validation.FfxEvY/Hadalis
Result: PASS

---- CHECK [202]: Python regression: scripts/test-todo-ui-backend-routing.py ----
Command: python3 scripts/test-todo-ui-backend-routing.py
Working directory: /tmp/hadalis-validation.FfxEvY/Hadalis
Result: PASS

---- CHECK [203]: Python regression: scripts/test-todo-widget-backend-feedback.py ----
Command: python3 scripts/test-todo-widget-backend-feedback.py
Working directory: /tmp/hadalis-validation.FfxEvY/Hadalis
Result: PASS

---- CHECK [204]: Python regression: scripts/test-tray-focus-contract.py ----
Command: python3 scripts/test-tray-focus-contract.py
Working directory: /tmp/hadalis-validation.FfxEvY/Hadalis
Result: PASS

---- CHECK [205]: Python regression: scripts/test-utf8-launcher-osd-model-contract.py ----
Command: python3 scripts/test-utf8-launcher-osd-model-contract.py
Working directory: /tmp/hadalis-validation.FfxEvY/Hadalis
Result: PASS

---- CHECK [206]: Python regression: scripts/test-wallpaper-background-apply-runtime.py ----
Command: python3 scripts/test-wallpaper-background-apply-runtime.py
Working directory: /tmp/hadalis-validation.FfxEvY/Hadalis
Result: PASS

---- CHECK [207]: Python regression: scripts/test-wallpaper-carousel-runtime.py ----
Command: python3 scripts/test-wallpaper-carousel-runtime.py
Working directory: /tmp/hadalis-validation.FfxEvY/Hadalis
Result: PASS

---- CHECK [208]: Python regression: scripts/test-wallpaper-color-preview-runtime.py ----
Command: python3 scripts/test-wallpaper-color-preview-runtime.py
Working directory: /tmp/hadalis-validation.FfxEvY/Hadalis
Result: PASS

---- CHECK [209]: Python regression: scripts/test-wallpaper-mode.py ----
Command: python3 scripts/test-wallpaper-mode.py
Working directory: /tmp/hadalis-validation.FfxEvY/Hadalis
Result: PASS

---- CHECK [210]: Python regression: scripts/test-wallpaper-preview-palette-cache.py ----
Command: python3 scripts/test-wallpaper-preview-palette-cache.py
Working directory: /tmp/hadalis-validation.FfxEvY/Hadalis
Result: PASS

---- CHECK [211]: Python regression: scripts/test-wallpaper-search-state.py ----
Command: python3 scripts/test-wallpaper-search-state.py
Working directory: /tmp/hadalis-validation.FfxEvY/Hadalis
Result: PASS

---- CHECK [212]: Python regression: scripts/test-wallpaper-selector-migration.py ----
Command: python3 scripts/test-wallpaper-selector-migration.py
Working directory: /tmp/hadalis-validation.FfxEvY/Hadalis
Result: PASS

---- CHECK [213]: Python regression: scripts/test-wave-visualizer-lifecycle-runtime.py ----
Command: python3 scripts/test-wave-visualizer-lifecycle-runtime.py
Working directory: /tmp/hadalis-validation.FfxEvY/Hadalis
Result: PASS

---- CHECK [214]: Python regression: scripts/test-weather-hourly-light-runtime.py ----
Command: python3 scripts/test-weather-hourly-light-runtime.py
Working directory: /tmp/hadalis-validation.FfxEvY/Hadalis
Result: PASS

---- CHECK [215]: Python regression: scripts/test-weather-liquid-orbital-contract.py ----
Command: python3 scripts/test-weather-liquid-orbital-contract.py
Working directory: /tmp/hadalis-validation.FfxEvY/Hadalis
Result: PASS

---- CHECK [216]: Python regression: scripts/test-weather-orbit-table-parity.py ----
Command: python3 scripts/test-weather-orbit-table-parity.py
Working directory: /tmp/hadalis-validation.FfxEvY/Hadalis
Result: PASS

---- CHECK [217]: Python regression: scripts/test-weather-popup-handoff-runtime.py ----
Command: python3 scripts/test-weather-popup-handoff-runtime.py
Working directory: /tmp/hadalis-validation.FfxEvY/Hadalis
Result: PASS

---- CHECK [218]: Python regression: scripts/test-weather-popup-layout-contract.py ----
Command: python3 scripts/test-weather-popup-layout-contract.py
Working directory: /tmp/hadalis-validation.FfxEvY/Hadalis
Result: PASS

---- CHECK [219]: Python regression: scripts/test-zettelkasten-service-contract.py ----
Command: python3 scripts/test-zettelkasten-service-contract.py
Working directory: /tmp/hadalis-validation.FfxEvY/Hadalis
Result: PASS

---- CHECK [220]: IPC registry freshness ----
Command: python3 scripts/lib/generate-ipc-registry.py --check
Working directory: /tmp/hadalis-validation.FfxEvY/Hadalis
Result: PASS

---- CHECK [221]: documentation contracts ----
Command: bash scripts/verify-docs.sh
Working directory: /tmp/hadalis-validation.FfxEvY/Hadalis
Result: PASS

---- CHECK [222]: QML parser capability ----
Command: probe_qml_parser
Working directory: /tmp/hadalis-validation.FfxEvY/Hadalis
Result: PASS

---- CHECK [223]: QML/startup project guards ----
Command: run_qml_guards
Working directory: /tmp/hadalis-validation.FfxEvY/Hadalis
Result: PASS

---- CHECK [224]: shell regression: scripts/test-abyss-app-hover-menu.sh ----
Command: run_shell_regression scripts/test-abyss-app-hover-menu.sh
Working directory: /tmp/hadalis-validation.FfxEvY/Hadalis
Result: PASS

---- CHECK [225]: shell regression: scripts/test-abyss-body-placement.sh ----
Command: run_shell_regression scripts/test-abyss-body-placement.sh
Working directory: /tmp/hadalis-validation.FfxEvY/Hadalis
Result: PASS

---- CHECK [226]: shell regression: scripts/test-abyss-choice-motion.sh ----
Command: run_shell_regression scripts/test-abyss-choice-motion.sh
Working directory: /tmp/hadalis-validation.FfxEvY/Hadalis
Result: PASS

---- CHECK [227]: shell regression: scripts/test-abyss-clipboard-lifecycle.sh ----
Command: run_shell_regression scripts/test-abyss-clipboard-lifecycle.sh
Working directory: /tmp/hadalis-validation.FfxEvY/Hadalis
Result: PASS

---- CHECK [228]: shell regression: scripts/test-abyss-content-material.sh ----
Command: run_shell_regression scripts/test-abyss-content-material.sh
Working directory: /tmp/hadalis-validation.FfxEvY/Hadalis
Result: PASS

---- CHECK [229]: shell regression: scripts/test-abyss-corner-content.sh ----
Command: run_shell_regression scripts/test-abyss-corner-content.sh
Working directory: /tmp/hadalis-validation.FfxEvY/Hadalis
Result: PASS

---- CHECK [230]: shell regression: scripts/test-abyss-dashboard-editing.sh ----
Command: run_shell_regression scripts/test-abyss-dashboard-editing.sh
Working directory: /tmp/hadalis-validation.FfxEvY/Hadalis
Result: PASS

---- CHECK [231]: shell regression: scripts/test-abyss-dialog-host.sh ----
Command: run_shell_regression scripts/test-abyss-dialog-host.sh
Working directory: /tmp/hadalis-validation.FfxEvY/Hadalis
Result: PASS

---- CHECK [232]: shell regression: scripts/test-abyss-dock-content.sh ----
Command: run_shell_regression scripts/test-abyss-dock-content.sh
Working directory: /tmp/hadalis-validation.FfxEvY/Hadalis
Result: PASS

---- CHECK [233]: shell regression: scripts/test-abyss-dock-reveal.sh ----
Command: run_shell_regression scripts/test-abyss-dock-reveal.sh
Working directory: /tmp/hadalis-validation.FfxEvY/Hadalis
Result: PASS

---- CHECK [234]: shell regression: scripts/test-abyss-editor-runtime.sh ----
Command: run_shell_regression scripts/test-abyss-editor-runtime.sh
Working directory: /tmp/hadalis-validation.FfxEvY/Hadalis
Result: PASS

---- CHECK [235]: shell regression: scripts/test-abyss-ipc-corner.sh ----
Command: run_shell_regression scripts/test-abyss-ipc-corner.sh
Working directory: /tmp/hadalis-validation.FfxEvY/Hadalis
Result: PASS

---- CHECK [236]: shell regression: scripts/test-abyss-multi-styled-popup.sh ----
Command: run_shell_regression scripts/test-abyss-multi-styled-popup.sh
Working directory: /tmp/hadalis-validation.FfxEvY/Hadalis
Result: PASS

---- CHECK [237]: shell regression: scripts/test-abyss-network-popups.sh ----
Command: run_shell_regression scripts/test-abyss-network-popups.sh
Working directory: /tmp/hadalis-validation.FfxEvY/Hadalis
Result: PASS

---- CHECK [238]: shell regression: scripts/test-abyss-osd-content.sh ----
Command: run_shell_regression scripts/test-abyss-osd-content.sh
Working directory: /tmp/hadalis-validation.FfxEvY/Hadalis
Result: PASS

---- CHECK [239]: shell regression: scripts/test-abyss-popup-layout.sh ----
Command: run_shell_regression scripts/test-abyss-popup-layout.sh
Working directory: /tmp/hadalis-validation.FfxEvY/Hadalis
Result: PASS

---- CHECK [240]: shell regression: scripts/test-abyss-runtime-contract.sh ----
Command: run_shell_regression scripts/test-abyss-runtime-contract.sh
Working directory: /tmp/hadalis-validation.FfxEvY/Hadalis
Result: PASS

---- CHECK [241]: shell regression: scripts/test-abyss-settings-embedded.sh ----
Command: run_shell_regression scripts/test-abyss-settings-embedded.sh
Working directory: /tmp/hadalis-validation.FfxEvY/Hadalis
Result: PASS

---- CHECK [242]: shell regression: scripts/test-abyss-shader-lifecycle.sh ----
Command: run_shell_regression scripts/test-abyss-shader-lifecycle.sh
Working directory: /tmp/hadalis-validation.FfxEvY/Hadalis
Result: PASS

---- CHECK [243]: shell regression: scripts/test-abyss-shared-content.sh ----
Command: run_shell_regression scripts/test-abyss-shared-content.sh
Working directory: /tmp/hadalis-validation.FfxEvY/Hadalis
Result: PASS

---- CHECK [244]: shell regression: scripts/test-abyss-sidebar-reveal.sh ----
Command: run_shell_regression scripts/test-abyss-sidebar-reveal.sh
Working directory: /tmp/hadalis-validation.FfxEvY/Hadalis
Result: PASS

---- CHECK [245]: shell regression: scripts/test-abyss-styled-popup.sh ----
Command: run_shell_regression scripts/test-abyss-styled-popup.sh
Working directory: /tmp/hadalis-validation.FfxEvY/Hadalis
Result: PASS

---- CHECK [246]: shell regression: scripts/test-abyss-utilities-popup.sh ----
Command: run_shell_regression scripts/test-abyss-utilities-popup.sh
Working directory: /tmp/hadalis-validation.FfxEvY/Hadalis
Result: PASS

---- CHECK [247]: shell regression: scripts/test-abyss-utility-content.sh ----
Command: run_shell_regression scripts/test-abyss-utility-content.sh
Working directory: /tmp/hadalis-validation.FfxEvY/Hadalis
Result: PASS

---- CHECK [248]: shell regression: scripts/test-abyss-wave-runtime.sh ----
Command: run_shell_regression scripts/test-abyss-wave-runtime.sh
Working directory: /tmp/hadalis-validation.FfxEvY/Hadalis
Result: PASS

---- CHECK [249]: shell regression: scripts/test-anti-flashbang-brightness.sh ----
Command: run_shell_regression scripts/test-anti-flashbang-brightness.sh
Working directory: /tmp/hadalis-validation.FfxEvY/Hadalis
Result: PASS

---- CHECK [250]: shell regression: scripts/test-anti-flashbang-sampler.sh ----
Command: run_shell_regression scripts/test-anti-flashbang-sampler.sh
Working directory: /tmp/hadalis-validation.FfxEvY/Hadalis
Result: PASS

---- CHECK [251]: shell regression: scripts/test-app-catalog-lifecycle.sh ----
Command: run_shell_regression scripts/test-app-catalog-lifecycle.sh
Working directory: /tmp/hadalis-validation.FfxEvY/Hadalis
Result: PASS

---- CHECK [252]: shell regression: scripts/test-appsearch-binding-cache.sh ----
Command: run_shell_regression scripts/test-appsearch-binding-cache.sh
Working directory: /tmp/hadalis-validation.FfxEvY/Hadalis
Result: PASS

---- CHECK [253]: shell regression: scripts/test-awww-backend-lifecycle.sh ----
Command: run_shell_regression scripts/test-awww-backend-lifecycle.sh
Working directory: /tmp/hadalis-validation.FfxEvY/Hadalis
Result: PASS

---- CHECK [254]: shell regression: scripts/test-bar-connected-popup-coverage.sh ----
Command: run_shell_regression scripts/test-bar-connected-popup-coverage.sh
Working directory: /tmp/hadalis-validation.FfxEvY/Hadalis
Result: PASS

---- CHECK [255]: shell regression: scripts/test-brightness-init-lifecycle.sh ----
Command: run_shell_regression scripts/test-brightness-init-lifecycle.sh
Working directory: /tmp/hadalis-validation.FfxEvY/Hadalis
Result: PASS

---- CHECK [256]: shell regression: scripts/test-brightness-service-lifecycle.sh ----
Command: run_shell_regression scripts/test-brightness-service-lifecycle.sh
Working directory: /tmp/hadalis-validation.FfxEvY/Hadalis
Result: PASS

---- CHECK [257]: shell regression: scripts/test-calendar-sync-privacy.sh ----
Command: run_shell_regression scripts/test-calendar-sync-privacy.sh
Working directory: /tmp/hadalis-validation.FfxEvY/Hadalis
Result: PASS

---- CHECK [258]: shell regression: scripts/test-config-namespace-contract.sh ----
Command: run_shell_regression scripts/test-config-namespace-contract.sh
Working directory: /tmp/hadalis-validation.FfxEvY/Hadalis
Result: PASS

---- CHECK [259]: shell regression: scripts/test-config-namespace-migration.sh ----
Command: run_shell_regression scripts/test-config-namespace-migration.sh
Working directory: /tmp/hadalis-validation.FfxEvY/Hadalis
Result: PASS

---- CHECK [260]: shell regression: scripts/test-connected-corner-silhouette.sh ----
Command: run_shell_regression scripts/test-connected-corner-silhouette.sh
Working directory: /tmp/hadalis-validation.FfxEvY/Hadalis
Result: PASS

---- CHECK [261]: shell regression: scripts/test-critical-panel-isolation-regression.sh ----
Command: run_shell_regression scripts/test-critical-panel-isolation-regression.sh
Working directory: /tmp/hadalis-validation.FfxEvY/Hadalis
Result: PASS

---- CHECK [262]: shell regression: scripts/test-critical-panel-isolation.sh ----
Command: run_shell_regression scripts/test-critical-panel-isolation.sh
Working directory: /tmp/hadalis-validation.FfxEvY/Hadalis
Result: PASS

---- CHECK [263]: shell regression: scripts/test-desktop-items-lifecycle.sh ----
Command: run_shell_regression scripts/test-desktop-items-lifecycle.sh
Working directory: /tmp/hadalis-validation.FfxEvY/Hadalis
Result: PASS

---- CHECK [264]: shell regression: scripts/test-device-state-persistence.sh ----
Command: run_shell_regression scripts/test-device-state-persistence.sh
Working directory: /tmp/hadalis-validation.FfxEvY/Hadalis
Result: PASS

---- CHECK [265]: shell regression: scripts/test-doctor-dependency-routing.sh ----
Command: run_shell_regression scripts/test-doctor-dependency-routing.sh
Working directory: /tmp/hadalis-validation.FfxEvY/Hadalis
Result: PASS

---- CHECK [266]: shell regression: scripts/test-equalizer-active-preset.sh ----
Command: run_shell_regression scripts/test-equalizer-active-preset.sh
Working directory: /tmp/hadalis-validation.FfxEvY/Hadalis
Result: PASS

---- CHECK [267]: shell regression: scripts/test-equalizer-boundary-contract.sh ----
Command: run_shell_regression scripts/test-equalizer-boundary-contract.sh
Working directory: /tmp/hadalis-validation.FfxEvY/Hadalis
Result: PASS

---- CHECK [268]: shell regression: scripts/test-equalizer-service-contract.sh ----
Command: run_shell_regression scripts/test-equalizer-service-contract.sh
Working directory: /tmp/hadalis-validation.FfxEvY/Hadalis
Result: PASS

---- CHECK [269]: shell regression: scripts/test-family-mount-lifecycle.sh ----
Command: run_shell_regression scripts/test-family-mount-lifecycle.sh
Working directory: /tmp/hadalis-validation.FfxEvY/Hadalis
Result: PASS

---- CHECK [270]: shell regression: scripts/test-family-transition-input-lifecycle.sh ----
Command: run_shell_regression scripts/test-family-transition-input-lifecycle.sh
Working directory: /tmp/hadalis-validation.FfxEvY/Hadalis
Result: PASS

---- CHECK [271]: shell regression: scripts/test-family-transition-lifecycle.sh ----
Command: run_shell_regression scripts/test-family-transition-lifecycle.sh
Working directory: /tmp/hadalis-validation.FfxEvY/Hadalis
Result: PASS

---- CHECK [272]: shell regression: scripts/test-family-workarea-guard.sh ----
Command: run_shell_regression scripts/test-family-workarea-guard.sh
Working directory: /tmp/hadalis-validation.FfxEvY/Hadalis
Result: PASS

---- CHECK [273]: shell regression: scripts/test-font-sync-service-guards.sh ----
Command: run_shell_regression scripts/test-font-sync-service-guards.sh
Working directory: /tmp/hadalis-validation.FfxEvY/Hadalis
Result: PASS

---- CHECK [274]: shell regression: scripts/test-gamemode-niri-lifecycle.sh ----
Command: run_shell_regression scripts/test-gamemode-niri-lifecycle.sh
Working directory: /tmp/hadalis-validation.FfxEvY/Hadalis
Result: PASS

---- CHECK [275]: shell regression: scripts/test-hyprsunset-service-lifecycle.sh ----
Command: run_shell_regression scripts/test-hyprsunset-service-lifecycle.sh
Working directory: /tmp/hadalis-validation.FfxEvY/Hadalis
Result: PASS

---- CHECK [276]: shell regression: scripts/test-icon-theme-service-lifecycle.sh ----
Command: run_shell_regression scripts/test-icon-theme-service-lifecycle.sh
Working directory: /tmp/hadalis-validation.FfxEvY/Hadalis
Result: PASS

---- CHECK [277]: shell regression: scripts/test-keyboard-indicator-lifecycle.sh ----
Command: run_shell_regression scripts/test-keyboard-indicator-lifecycle.sh
Working directory: /tmp/hadalis-validation.FfxEvY/Hadalis
Result: PASS

---- CHECK [278]: shell regression: scripts/test-local-distribution.sh ----
Command: run_shell_regression scripts/test-local-distribution.sh
Working directory: /tmp/hadalis-validation.FfxEvY/Hadalis
Result: PASS

---- CHECK [279]: shell regression: scripts/test-local-music-mpd-source-contract.sh ----
Command: run_shell_regression scripts/test-local-music-mpd-source-contract.sh
Working directory: /tmp/hadalis-validation.FfxEvY/Hadalis
Result: PASS

---- CHECK [280]: shell regression: scripts/test-local-music-source-contracts.sh ----
Command: run_shell_regression scripts/test-local-music-source-contracts.sh
Working directory: /tmp/hadalis-validation.FfxEvY/Hadalis
Result: PASS

---- CHECK [281]: shell regression: scripts/test-local-required-contracts.sh ----
Command: run_shell_regression scripts/test-local-required-contracts.sh
Working directory: /tmp/hadalis-validation.FfxEvY/Hadalis
Result: PASS

---- CHECK [282]: shell regression: scripts/test-lyrics-service-lifecycle.sh ----
Command: run_shell_regression scripts/test-lyrics-service-lifecycle.sh
Working directory: /tmp/hadalis-validation.FfxEvY/Hadalis
Result: PASS

---- CHECK [283]: shell regression: scripts/test-maintainer-validator-log-contract.sh ----
Command: run_shell_regression scripts/test-maintainer-validator-log-contract.sh
Working directory: /tmp/hadalis-validation.FfxEvY/Hadalis
Result: PASS

---- CHECK [284]: shell regression: scripts/test-make-install-lifecycle.sh ----
Command: run_shell_regression scripts/test-make-install-lifecycle.sh
Working directory: /tmp/hadalis-validation.FfxEvY/Hadalis
Result: PASS

---- CHECK [285]: shell regression: scripts/test-material-theme-loader-lifecycle.sh ----
Command: run_shell_regression scripts/test-material-theme-loader-lifecycle.sh
Working directory: /tmp/hadalis-validation.FfxEvY/Hadalis
Result: PASS

---- CHECK [286]: shell regression: scripts/test-native-benchmark-deep-contract.sh ----
Command: run_shell_regression scripts/test-native-benchmark-deep-contract.sh
Working directory: /tmp/hadalis-validation.FfxEvY/Hadalis
Result: PASS

---- CHECK [287]: shell regression: scripts/test-native-production-contract.sh ----
Command: run_shell_regression scripts/test-native-production-contract.sh
Working directory: /tmp/hadalis-validation.FfxEvY/Hadalis
Result: PASS

---- CHECK [288]: shell regression: scripts/test-native-selector-behavior.sh ----
Command: run_shell_regression scripts/test-native-selector-behavior.sh
Working directory: /tmp/hadalis-validation.FfxEvY/Hadalis
Result: PASS

---- CHECK [289]: shell regression: scripts/test-native-selector-contract.sh ----
Command: run_shell_regression scripts/test-native-selector-contract.sh
Working directory: /tmp/hadalis-validation.FfxEvY/Hadalis
Result: PASS

---- CHECK [290]: shell regression: scripts/test-network-service-lifecycle.sh ----
Command: run_shell_regression scripts/test-network-service-lifecycle.sh
Working directory: /tmp/hadalis-validation.FfxEvY/Hadalis
Result: PASS

---- CHECK [291]: shell regression: scripts/test-news-service-contract.sh ----
Command: run_shell_regression scripts/test-news-service-contract.sh
Working directory: /tmp/hadalis-validation.FfxEvY/Hadalis
Result: PASS

---- CHECK [292]: shell regression: scripts/test-nightlight-service-lifecycle.sh ----
Command: run_shell_regression scripts/test-nightlight-service-lifecycle.sh
Working directory: /tmp/hadalis-validation.FfxEvY/Hadalis
Result: PASS

---- CHECK [293]: shell regression: scripts/test-niri-keybind-launcher-contract.sh ----
Command: run_shell_regression scripts/test-niri-keybind-launcher-contract.sh
Working directory: /tmp/hadalis-validation.FfxEvY/Hadalis
Result: PASS

---- CHECK [294]: shell regression: scripts/test-optional-audio-deps-contract.sh ----
Command: run_shell_regression scripts/test-optional-audio-deps-contract.sh
Working directory: /tmp/hadalis-validation.FfxEvY/Hadalis
Result: PASS

---- CHECK [295]: shell regression: scripts/test-packaging-contract.sh ----
Command: run_shell_regression scripts/test-packaging-contract.sh
Working directory: /tmp/hadalis-validation.FfxEvY/Hadalis
Result: PASS

---- CHECK [296]: shell regression: scripts/test-panel-style-adapter.sh ----
Command: run_shell_regression scripts/test-panel-style-adapter.sh
Working directory: /tmp/hadalis-validation.FfxEvY/Hadalis
Result: PASS

---- CHECK [297]: shell regression: scripts/test-performance-lifecycle.sh ----
Command: run_shell_regression scripts/test-performance-lifecycle.sh
Working directory: /tmp/hadalis-validation.FfxEvY/Hadalis
Result: PASS

---- CHECK [298]: shell regression: scripts/test-perimeter-compatibility-placement-contract.sh ----
Command: run_shell_regression scripts/test-perimeter-compatibility-placement-contract.sh
Working directory: /tmp/hadalis-validation.FfxEvY/Hadalis
Result: PASS

---- CHECK [299]: shell regression: scripts/test-perimeter-contracts.sh ----
Command: run_shell_regression scripts/test-perimeter-contracts.sh
Working directory: /tmp/hadalis-validation.FfxEvY/Hadalis
Result: PASS

---- CHECK [300]: shell regression: scripts/test-perimeter-family-contracts.sh ----
Command: run_shell_regression scripts/test-perimeter-family-contracts.sh
Working directory: /tmp/hadalis-validation.FfxEvY/Hadalis
Result: PASS

---- CHECK [301]: shell regression: scripts/test-perimeter-retirement-contract.sh ----
Command: run_shell_regression scripts/test-perimeter-retirement-contract.sh
Working directory: /tmp/hadalis-validation.FfxEvY/Hadalis
Result: PASS

---- CHECK [302]: shell regression: scripts/test-perimeter-route-contracts.sh ----
Command: run_shell_regression scripts/test-perimeter-route-contracts.sh
Working directory: /tmp/hadalis-validation.FfxEvY/Hadalis
Result: PASS

---- CHECK [303]: shell regression: scripts/test-perimeter-settings-contracts.sh ----
Command: run_shell_regression scripts/test-perimeter-settings-contracts.sh
Working directory: /tmp/hadalis-validation.FfxEvY/Hadalis
Result: PASS

---- CHECK [304]: shell regression: scripts/test-perimeter-source-contracts.sh ----
Command: run_shell_regression scripts/test-perimeter-source-contracts.sh
Working directory: /tmp/hadalis-validation.FfxEvY/Hadalis
Result: PASS

---- CHECK [305]: shell regression: scripts/test-qml-local-module-contract.sh ----
Command: run_shell_regression scripts/test-qml-local-module-contract.sh
Working directory: /tmp/hadalis-validation.FfxEvY/Hadalis
Result: PASS

---- CHECK [306]: shell regression: scripts/test-qml-local-module-guard-regression.sh ----
Command: run_shell_regression scripts/test-qml-local-module-guard-regression.sh
Working directory: /tmp/hadalis-validation.FfxEvY/Hadalis
Result: PASS

---- CHECK [307]: shell regression: scripts/test-qml-parser-qt-version.sh ----
Command: run_shell_regression scripts/test-qml-parser-qt-version.sh
Working directory: /tmp/hadalis-validation.FfxEvY/Hadalis
Result: PASS

---- CHECK [308]: shell regression: scripts/test-resource-usage-lifecycle.sh ----
Command: run_shell_regression scripts/test-resource-usage-lifecycle.sh
Working directory: /tmp/hadalis-validation.FfxEvY/Hadalis
Result: PASS

---- CHECK [309]: shell regression: scripts/test-reviewed-replacement-manifests.sh ----
Command: run_shell_regression scripts/test-reviewed-replacement-manifests.sh
Working directory: /tmp/hadalis-validation.FfxEvY/Hadalis
Result: PASS

---- CHECK [310]: shell regression: scripts/test-runtime-orphan-cleanup.sh ----
Command: run_shell_regression scripts/test-runtime-orphan-cleanup.sh
Working directory: /tmp/hadalis-validation.FfxEvY/Hadalis
Result: PASS

---- CHECK [311]: shell regression: scripts/test-screen-time-lifecycle.sh ----
Command: run_shell_regression scripts/test-screen-time-lifecycle.sh
Working directory: /tmp/hadalis-validation.FfxEvY/Hadalis
Result: PASS

---- CHECK [312]: shell regression: scripts/test-service-lease-lifecycle.sh ----
Command: run_shell_regression scripts/test-service-lease-lifecycle.sh
Working directory: /tmp/hadalis-validation.FfxEvY/Hadalis
Result: PASS

---- CHECK [313]: shell regression: scripts/test-setup-recovery-runtime-refresh.sh ----
Command: run_shell_regression scripts/test-setup-recovery-runtime-refresh.sh
Working directory: /tmp/hadalis-validation.FfxEvY/Hadalis
Result: PASS

---- CHECK [314]: shell regression: scripts/test-shell-updates-lifecycle.sh ----
Command: run_shell_regression scripts/test-shell-updates-lifecycle.sh
Working directory: /tmp/hadalis-validation.FfxEvY/Hadalis
Result: PASS

---- CHECK [315]: shell regression: scripts/test-taskbar-list-runtime.sh ----
Command: run_shell_regression scripts/test-taskbar-list-runtime.sh
Working directory: /tmp/hadalis-validation.FfxEvY/Hadalis
Result: PASS

---- CHECK [316]: shell regression: scripts/test-tlp-integration-lifecycle.sh ----
Command: run_shell_regression scripts/test-tlp-integration-lifecycle.sh
Working directory: /tmp/hadalis-validation.FfxEvY/Hadalis
Result: PASS

---- CHECK [317]: shell regression: scripts/test-tlp-settings-ui-guards.sh ----
Command: run_shell_regression scripts/test-tlp-settings-ui-guards.sh
Working directory: /tmp/hadalis-validation.FfxEvY/Hadalis
Result: PASS

---- CHECK [318]: shell regression: scripts/test-translation-service-lifecycle.sh ----
Command: run_shell_regression scripts/test-translation-service-lifecycle.sh
Working directory: /tmp/hadalis-validation.FfxEvY/Hadalis
Result: PASS

---- CHECK [319]: shell regression: scripts/test-uninstall-path-safety.sh ----
Command: run_shell_regression scripts/test-uninstall-path-safety.sh
Working directory: /tmp/hadalis-validation.FfxEvY/Hadalis
Result: PASS

---- CHECK [320]: shell regression: scripts/test-update-lifecycle.sh ----
Command: run_shell_regression scripts/test-update-lifecycle.sh
Working directory: /tmp/hadalis-validation.FfxEvY/Hadalis
Result: PASS

---- CHECK [321]: shell regression: scripts/test-update-service-guards.sh ----
Command: run_shell_regression scripts/test-update-service-guards.sh
Working directory: /tmp/hadalis-validation.FfxEvY/Hadalis
Result: PASS

---- CHECK [322]: shell regression: scripts/test-voice-search-lifecycle.sh ----
Command: run_shell_regression scripts/test-voice-search-lifecycle.sh
Working directory: /tmp/hadalis-validation.FfxEvY/Hadalis
Result: PASS

---- CHECK [323]: shell regression: scripts/test-waffle-clipboard-lifecycle.sh ----
Command: run_shell_regression scripts/test-waffle-clipboard-lifecycle.sh
Working directory: /tmp/hadalis-validation.FfxEvY/Hadalis
Result: PASS

---- CHECK [324]: shell regression: scripts/test-weather-log-privacy.sh ----
Command: run_shell_regression scripts/test-weather-log-privacy.sh
Working directory: /tmp/hadalis-validation.FfxEvY/Hadalis
Result: PASS

---- CHECK [325]: shell regression: scripts/test-weather-orbital-visual-lock.sh ----
Command: run_shell_regression scripts/test-weather-orbital-visual-lock.sh
Working directory: /tmp/hadalis-validation.FfxEvY/Hadalis
Result: PASS

---- CHECK [326]: shell regression: scripts/test-weather-request-generation.sh ----
Command: run_shell_regression scripts/test-weather-request-generation.sh
Working directory: /tmp/hadalis-validation.FfxEvY/Hadalis
Result: PASS

---- CHECK [327]: shell regression: scripts/test-weather-tab-motion.sh ----
Command: run_shell_regression scripts/test-weather-tab-motion.sh
Working directory: /tmp/hadalis-validation.FfxEvY/Hadalis
Result: PASS

---- CHECK [328]: shell regression: scripts/test-window-preview-cache-behavior.sh ----
Command: run_shell_regression scripts/test-window-preview-cache-behavior.sh
Working directory: /tmp/hadalis-validation.FfxEvY/Hadalis
Result: PASS

---- CHECK [329]: shell regression: scripts/test-window-preview-consumer-identity.sh ----
Command: run_shell_regression scripts/test-window-preview-consumer-identity.sh
Working directory: /tmp/hadalis-validation.FfxEvY/Hadalis
Result: PASS

---- CHECK [330]: shell regression: scripts/test-window-preview-eager-capture.sh ----
Command: run_shell_regression scripts/test-window-preview-eager-capture.sh
Working directory: /tmp/hadalis-validation.FfxEvY/Hadalis
Result: PASS

---- CHECK [331]: shell regression: scripts/test-window-preview-lifecycle.sh ----
Command: run_shell_regression scripts/test-window-preview-lifecycle.sh
Working directory: /tmp/hadalis-validation.FfxEvY/Hadalis
Result: PASS

---- CHECK [332]: Make contract: prefix/path relocation ----
Command: run_make_contract test-prefix-install
Working directory: /tmp/hadalis-validation.FfxEvY/Hadalis
Result: PASS

---- CHECK [333]: Make contract: package metadata ----
Command: run_make_contract test-package-metadata
Working directory: /tmp/hadalis-validation.FfxEvY/Hadalis
Result: PASS

---- CHECK [334]: Make contract: package lifecycle hooks ----
Command: run_make_contract test-package-hooks
Working directory: /tmp/hadalis-validation.FfxEvY/Hadalis
Result: PASS

---- CHECK [335]: source tree remains clean after validation ----
Command: source_tree_clean
Working directory: /tmp/hadalis-validation.FfxEvY/Hadalis
Result: PASS

========================================
HADALIS VALIDATION SUMMARY
Exact SHA: 8b2ed6f0a1fccddade206f0060ed19d19337a5da
Result: FAIL
Checks run: 335
Passed: 334
Failed: 1
Skipped: 1
QML parser: PASS (qmlformat on Qt 6.12.0; parser pass runs inside qml-check)
Nix: DEFERRED / NON-BLOCKING (support retained; dedicated validation not run)
Failed checks:
  - Python regression: scripts/test-shell-surface-contracts.py (exit 1)
Primary failure groups:
  - other regression contracts
Skipped checks:
  - NIX-DEFERRED: scripts/test-nix-module-contract.sh
Environment-dependent / release-only checks not run by daily validation:
  - actual Arch package build/install on a package-build host
  - live Niri/Quickshell desktop acceptance
  - multi-monitor/hotplug/suspend-resume/fractional-scaling/focus/fullscreen acceptance
  - live audio/hardware behavior that requires the real desktop session
  - GitHub release publication, Wiki remote access, and hosted release permissions
FINAL LOG: /tmp/hadalis-canonical-8b2ed6f0a-20261010.log
========================================
