Hadalis maintainer local validation
Log: /tmp/hadalis-canonical-10311cd96-20261010.log
[01] host tool preflight                                        PASS
[02] build and baseline shell syntax                            PASS
[03] tracked shell/package syntax                               PASS
[04] tracked Python syntax                                      PASS
[05] tracked JSON syntax                                        PASS
[06] tracked JavaScript syntax                                  PASS
[07] tracked Fish syntax                                        PASS
[08] translation catalog structure                              PASS
[09] translation source parity                                  PASS
[10] Python regression: scripts/test-abyss-bar-popup-autohide-contract.py PASS
[11] Python regression: scripts/test-abyss-body-placement.py    PASS
[12] Python regression: scripts/test-abyss-compact-osd-contract.py PASS
[13] Python regression: scripts/test-abyss-critical-host-ipc-import.py PASS
[14] Python regression: scripts/test-abyss-display-mode.py      PASS
[15] Python regression: scripts/test-abyss-dock-attached-menu-contract.py PASS
[16] Python regression: scripts/test-abyss-dock-menu-axis-contract.py PASS
[17] Python regression: scripts/test-abyss-dock-resident-content-contract.py PASS
[18] Python regression: scripts/test-abyss-edge-editor-adaptive-toolbar-contract.py PASS
[19] Python regression: scripts/test-abyss-edge-editor-compact-actions-contract.py PASS
[20] Python regression: scripts/test-abyss-edge-editor-compact-side-contract.py PASS
[21] Python regression: scripts/test-abyss-edge-editor-toolbar-contract.py PASS
[22] Python regression: scripts/test-abyss-edgebar-popup-sizing-contract.py PASS
[23] Python regression: scripts/test-abyss-family-contract.py   PASS
[24] Python regression: scripts/test-abyss-generic-popup-presenter-contract.py PASS
[25] Python regression: scripts/test-abyss-geometry-contract.py PASS
[26] Python regression: scripts/test-abyss-input-region-contract.py PASS
[27] Python regression: scripts/test-abyss-keyboard-runtime.py  FAIL
[28] Python regression: scripts/test-abyss-launcher-dock-menu-contract.py PASS
[29] Python regression: scripts/test-abyss-launcher-hover-owner-contract.py PASS
[30] Python regression: scripts/test-abyss-launcher-live-editor-contract.py PASS
[31] Python regression: scripts/test-abyss-launcher-preset-popup-contract.py PASS
[32] Python regression: scripts/test-abyss-launcher-status-mark-contract.py PASS
[33] Python regression: scripts/test-abyss-lossless-allocations.py PASS
[34] Python regression: scripts/test-abyss-module-field-runtime.py PASS
[35] Python regression: scripts/test-abyss-module-layout.py     PASS
[36] Python regression: scripts/test-abyss-niri-hover-layer-contract.py PASS
[37] Python regression: scripts/test-abyss-obstacle-allocations.py PASS
[38] Python regression: scripts/test-abyss-popup-media-flash-contract.py PASS
[39] Python regression: scripts/test-abyss-popup-ownership-contract.py PASS
[40] Python regression: scripts/test-abyss-presentation.py      PASS
[41] Python regression: scripts/test-abyss-pyramid-v2-concurrent-reflow.py PASS
[42] Python regression: scripts/test-abyss-pyramid-v2-foundation-contract.py PASS
[43] Python regression: scripts/test-abyss-pyramid-v2-geometry.py PASS
[44] Python regression: scripts/test-abyss-pyramid-v2-motion-contract.py PASS
[45] Python regression: scripts/test-abyss-pyramid-v2-neighborhood.py PASS
[46] Python regression: scripts/test-abyss-pyramid-v2-transactions.py PASS
[47] Python regression: scripts/test-abyss-pyramid-v2-zero-motion-close.py PASS
[48] Python regression: scripts/test-abyss-settings-compact-contract.py PASS
[49] Python regression: scripts/test-abyss-toast-dock-overlap-contract.py PASS
[50] Python regression: scripts/test-abyss-utility-closing-kind.py PASS
[51] Python regression: scripts/test-abyss-vacancy-borrowing.py PASS
[52] Python regression: scripts/test-abyss-wave-presets.py      PASS
[53] Python regression: scripts/test-abyss-wave-solver.py       PASS
[54] Python regression: scripts/test-anti-flashbang-policy.py   PASS
[55] Python regression: scripts/test-audio-output-routing.py    PASS
[56] Python regression: scripts/test-audio-tracked-nodes-parity.py PASS
[57] Python regression: scripts/test-bar-active-window-width-contract.py PASS
[58] Python regression: scripts/test-bar-adaptive-packing.py    PASS
[59] Python regression: scripts/test-bar-auxiliary-indicator-runtime.py PASS
[60] Python regression: scripts/test-bar-media-popup-layout-contract.py PASS
[61] Python regression: scripts/test-bar-media-width-contract.py PASS
[62] Python regression: scripts/test-bar-module-scaling.py      PASS
[63] Python regression: scripts/test-bar-orientation-module-sync.py PASS
[64] Python regression: scripts/test-bar-taskbar-overflow-parity.py PASS
[65] Python regression: scripts/test-calendar-weather-composition-contract.py PASS
[66] Python regression: scripts/test-cava-warm-spectrum-runtime.py PASS
[67] Python regression: scripts/test-cheatsheet-focus-close-contract.py PASS
[68] Python regression: scripts/test-clipboard-image-classification-contract.py PASS
[69] Python regression: scripts/test-clipboard-image-mime-contract.py PASS
[70] Python regression: scripts/test-clipboard-image-runtime.py PASS
[71] Python regression: scripts/test-clipboard-image-thumbnail-contract.py PASS
[72] Python regression: scripts/test-clipboard-owner-image-metadata-contract.py PASS
[73] Python regression: scripts/test-clipboard-watcher-contract.py PASS
[74] Python regression: scripts/test-config-inflight-mutation-runtime.py PASS
[75] Python regression: scripts/test-connected-input-lifecycle.py PASS
[76] Python regression: scripts/test-connected-route-lifecycle.py PASS
[77] Python regression: scripts/test-custom-theme-quick-adjustments-parity.py PASS
[78] Python regression: scripts/test-dashboard-collision-behavior.py PASS
[79] Python regression: scripts/test-dashboard-content-aware-add-all-contract.py PASS
[80] Python regression: scripts/test-dashboard-edit-transaction-contract.py PASS
[81] Python regression: scripts/test-dashboard-editor-field-runtime.py PASS
[82] Python regression: scripts/test-dashboard-freeform-contract.py PASS
[83] Python regression: scripts/test-dashboard-github-visual-hierarchy.py PASS
[84] Python regression: scripts/test-dashboard-media-shared-player-contract.py PASS
[85] Python regression: scripts/test-dashboard-music-browser-navigation-contract.py PASS
[86] Python regression: scripts/test-dashboard-music-migration.py PASS
[87] Python regression: scripts/test-dashboard-music-runtime.py FAIL
[88] Python regression: scripts/test-dashboard-presentation-motion-contract.py PASS
[89] Python regression: scripts/test-dashboard-prioritized-add-all-contract.py PASS
[90] Python regression: scripts/test-dashboard-responsive-overlap-parity.py PASS
[91] Python regression: scripts/test-dashboard-search-system-refinement-contract.py PASS
[92] Python regression: scripts/test-dashboard-smart-layout-contract.py PASS
[93] Python regression: scripts/test-dashboard-todo-concept-contract.py PASS
[94] Python regression: scripts/test-dashboard-todo-layout-contract.py PASS
[95] Python regression: scripts/test-dashboard-warm-readiness.py FAIL
[96] Python regression: scripts/test-dashboard-workspace.py     PASS
[97] Python regression: scripts/test-deferred-service-materialization-contract.py PASS
[98] Python regression: scripts/test-desktop-context-menu-hover-contract.py PASS
[99] Python regression: scripts/test-desktop-widget-editor-coordinates.py PASS
[100] Python regression: scripts/test-desktop-widget-editor-placement.py PASS
[101] Python regression: scripts/test-desktop-widget-editor-runtime.py PASS
[102] Python regression: scripts/test-dock-abyss-hover-orientation-contract.py PASS
[103] Python regression: scripts/test-equalizer-presentation-runtime.py FAIL
[104] Python regression: scripts/test-fcitx5-session-integration.py PASS
[105] Python regression: scripts/test-fcitx5-settings-integration.py PASS
[106] Python regression: scripts/test-global-actions-query-parity.py PASS
[107] Python regression: scripts/test-hadalird-arch-package.py   PASS
[108] Python regression: scripts/test-hadalird-gateway-bootstrap.py PASS
[109] Python regression: scripts/test-hadalird-install-lifecycle.py PASS
[110] Python regression: scripts/test-hadalird-manager.py        PASS
[111] Python regression: scripts/test-hadalird-obsidian-wrapper.py PASS
[112] Python regression: scripts/test-hadalird-optional.py       PASS
[113] Python regression: scripts/test-hadalird-polkit-visibility.py PASS
[114] Python regression: scripts/test-hadalird-preferences-migration.py PASS
[115] Python regression: scripts/test-hadalird-settings-flow.py  PASS
[116] Python regression: scripts/test-hadalird-system-provision.py PASS
[117] Python regression: scripts/test-hadanion-layer-shell.py    PASS
[118] Python regression: scripts/test-hadanion-optional.py       PASS
[119] Python regression: scripts/test-inir-process-cleanup.py    PASS
[120] Python regression: scripts/test-ipc-registry-generator.py  PASS
[121] Python regression: scripts/test-iris-corner-poc-contract.py PASS
[122] Python regression: scripts/test-iris-g2-contract.py        PASS
[123] Python regression: scripts/test-iris-production-surface-contract.py PASS
[124] Python regression: scripts/test-light-mode-upstream-contract.py PASS
[125] Python regression: scripts/test-loading-presentation-contract.py PASS
[126] Python regression: scripts/test-local-ai-gguf-runtime.py   PASS
[127] Python regression: scripts/test-local-model-folder.py      PASS
[128] Python regression: scripts/test-local-model-formats.py     PASS
[129] Python regression: scripts/test-local-music-contract.py    PASS
[130] Python regression: scripts/test-local-music-demand-runtime.py PASS
[131] Python regression: scripts/test-local-music-folder-release.py PASS
[132] Python regression: scripts/test-local-music-mpd-playback-runtime.py PASS
[133] Python regression: scripts/test-local-music-mutation-runtime.py PASS
[134] Python regression: scripts/test-material-only-docs-contract.py PASS
[135] Python regression: scripts/test-material-only-global-style-contract.py PASS
[136] Python regression: scripts/test-material-only-settings-contract.py PASS
[137] Python regression: scripts/test-material-presentation-model-contract.py PASS
[138] Python regression: scripts/test-media-popup-tabs-contract.py PASS
[139] Python regression: scripts/test-media-surface-controls-contract.py PASS
[140] Python regression: scripts/test-media-visualizer-lifecycle-contract.py PASS
[141] Python regression: scripts/test-native-debug-first-frame.py PASS
[142] Python regression: scripts/test-niri-config-structural-read.py PASS
[143] Python regression: scripts/test-notification-center-bottom-right-contract.py PASS
[144] Python regression: scripts/test-notification-center-card-layout-contract.py PASS
[145] Python regression: scripts/test-notification-center-contract.py PASS
[146] Python regression: scripts/test-notification-settings-runtime.py PASS
[147] Python regression: scripts/test-notification-timeout-runtime.py PASS
[148] Python regression: scripts/test-osd-connected-surface-contract.py PASS
[149] Python regression: scripts/test-overview-hover-contract.py PASS
[150] Python regression: scripts/test-overview-niri-drag-contract.py PASS
[151] Python regression: scripts/test-owner-ui-regressions-contract.py PASS
[152] Python regression: scripts/test-p0-settings-navigation-contract.py PASS
[153] Python regression: scripts/test-panel-style-migration.py   PASS
[154] Python regression: scripts/test-popup-anchor-hover-runtime.py PASS
[155] Python regression: scripts/test-popup-cold-start-lifecycle-runtime.py PASS
[156] Python regression: scripts/test-popup-cold-start-source-contract.py PASS
[157] Python regression: scripts/test-popup-tooltip-hover-contract.py PASS
[158] Python regression: scripts/test-qml-syntax-check.py        PASS
[159] Python regression: scripts/test-quick-action-drag-visibility-contract.py PASS
[160] Python regression: scripts/test-quick-action-icon-order-contract.py PASS
[161] Python regression: scripts/test-quick-action-settings-titles-contract.py PASS
[162] Python regression: scripts/test-quick-notes-attachments.py PASS
[163] Python regression: scripts/test-quick-notes-corner-contract.py PASS
[164] Python regression: scripts/test-quick-notes-image-runtime.py PASS
[165] Python regression: scripts/test-quick-notes-pin-runtime.py PASS
[166] Python regression: scripts/test-quick-notes-popup-pin-contract.py PASS
[167] Python regression: scripts/test-recording-abyss-runtime.py PASS
[168] Python regression: scripts/test-reload-notification-runtime.py PASS
[169] Python regression: scripts/test-reload-toast-contract.py   PASS
[170] Python regression: scripts/test-remove-pyramid-close-animation-contract.py PASS
[171] Python regression: scripts/test-runtime-integration-dependencies.py PASS
[172] Python regression: scripts/test-runtime-unblock-abyss-contract.py PASS
[173] Python regression: scripts/test-screen-edge-analytic-field-contract.py PASS
[174] Python regression: scripts/test-screen-edge-analytic-perceptual.py PASS
[175] Python regression: scripts/test-screen-edge-banded-perceptual.py PASS
[176] Python regression: scripts/test-screen-edge-output-targeting.py PASS
[177] Python regression: scripts/test-screen-edge-shadow-padding-parity.py PASS
[178] Python regression: scripts/test-screen-edge-shadow-raster-perceptual.py PASS
[179] Python regression: scripts/test-settings-concise-copy-surface.py PASS
[180] Python regression: scripts/test-settings-flat-navigation.py PASS
[181] Python regression: scripts/test-settings-hierarchy-runtime.py PASS
[182] Python regression: scripts/test-settings-information-architecture.py PASS
[183] Python regression: scripts/test-settings-inir-task-tabs-contract.py PASS
[184] Python regression: scripts/test-settings-inline-search-layout.py PASS
[185] Python regression: scripts/test-settings-navigation-behavior.py PASS
[186] Python regression: scripts/test-settings-ownership-cleanup.py PASS
[187] Python regression: scripts/test-shell-critical-qml-module-manifests.py PASS
[188] Python regression: scripts/test-shell-elevation-shadow-contract.py PASS
[189] Python regression: scripts/test-shell-surface-contracts.py PASS
[190] Python regression: scripts/test-startup-qml-surface-regression.py PASS
[191] Python regression: scripts/test-styled-popup-content-contract.py PASS
[192] Python regression: scripts/test-surface-motion-contract.py PASS
[193] Python regression: scripts/test-taskbar-app-model-contract.py PASS
[194] Python regression: scripts/test-thinkfan-system-monitor-contract.py PASS
[195] Python regression: scripts/test-timer-presentation-contract.py PASS
[196] Python regression: scripts/test-todo-backend-contract.py   PASS
[197] Python regression: scripts/test-todo-config-schema.py      PASS
[198] Python regression: scripts/test-todo-obsidian-daily-backend-contract.py PASS
[199] Python regression: scripts/test-todo-obsidian-read-backend-contract.py PASS
[200] Python regression: scripts/test-todo-obsidian-settings-deeplink.py PASS
[201] Python regression: scripts/test-todo-obsidian-settings-ui.py PASS
[202] Python regression: scripts/test-todo-ui-backend-routing.py PASS
[203] Python regression: scripts/test-todo-widget-backend-feedback.py PASS
[204] Python regression: scripts/test-tray-focus-contract.py     PASS
[205] Python regression: scripts/test-utf8-launcher-osd-model-contract.py PASS
[206] Python regression: scripts/test-wallpaper-background-apply-runtime.py PASS
[207] Python regression: scripts/test-wallpaper-carousel-runtime.py PASS
[208] Python regression: scripts/test-wallpaper-color-preview-runtime.py PASS
[209] Python regression: scripts/test-wallpaper-mode.py          PASS
[210] Python regression: scripts/test-wallpaper-preview-palette-cache.py PASS
[211] Python regression: scripts/test-wallpaper-search-state.py  PASS
[212] Python regression: scripts/test-wallpaper-selector-migration.py PASS
[213] Python regression: scripts/test-wave-visualizer-lifecycle-runtime.py PASS
[214] Python regression: scripts/test-weather-hourly-light-runtime.py PASS
[215] Python regression: scripts/test-weather-liquid-orbital-contract.py PASS
[216] Python regression: scripts/test-weather-orbit-table-parity.py PASS
[217] Python regression: scripts/test-weather-popup-handoff-runtime.py FAIL
[218] Python regression: scripts/test-weather-popup-layout-contract.py PASS
[219] Python regression: scripts/test-zettelkasten-service-contract.py PASS
[220] IPC registry freshness                                     PASS
[221] documentation contracts                                    PASS
[222] QML parser capability                                      PASS
[223] QML/startup project guards                                 PASS
[224] shell regression: scripts/test-abyss-app-hover-menu.sh     PASS
[225] shell regression: scripts/test-abyss-body-placement.sh     PASS
[226] shell regression: scripts/test-abyss-choice-motion.sh      PASS
[227] shell regression: scripts/test-abyss-clipboard-lifecycle.sh PASS
[228] shell regression: scripts/test-abyss-content-material.sh   PASS
[229] shell regression: scripts/test-abyss-corner-content.sh     PASS
[230] shell regression: scripts/test-abyss-dashboard-editing.sh  PASS
[231] shell regression: scripts/test-abyss-dialog-host.sh        PASS
[232] shell regression: scripts/test-abyss-dock-content.sh       PASS
[233] shell regression: scripts/test-abyss-dock-reveal.sh        PASS
[234] shell regression: scripts/test-abyss-editor-runtime.sh     FAIL
[235] shell regression: scripts/test-abyss-ipc-corner.sh         PASS
[236] shell regression: scripts/test-abyss-multi-styled-popup.sh PASS
[237] shell regression: scripts/test-abyss-network-popups.sh     PASS
[238] shell regression: scripts/test-abyss-osd-content.sh        FAIL
[239] shell regression: scripts/test-abyss-popup-layout.sh       PASS
[240] shell regression: scripts/test-abyss-runtime-contract.sh   PASS
[241] shell regression: scripts/test-abyss-settings-embedded.sh  PASS
[242] shell regression: scripts/test-abyss-shader-lifecycle.sh   PASS
[243] shell regression: scripts/test-abyss-shared-content.sh     FAIL
[244] shell regression: scripts/test-abyss-sidebar-reveal.sh     PASS
[245] shell regression: scripts/test-abyss-styled-popup.sh       PASS
[246] shell regression: scripts/test-abyss-utilities-popup.sh    PASS
[247] shell regression: scripts/test-abyss-utility-content.sh    PASS
[248] shell regression: scripts/test-abyss-wave-runtime.sh       PASS
[249] shell regression: scripts/test-anti-flashbang-brightness.sh PASS
[250] shell regression: scripts/test-anti-flashbang-sampler.sh   PASS
[251] shell regression: scripts/test-app-catalog-lifecycle.sh    PASS
[252] shell regression: scripts/test-appsearch-binding-cache.sh  PASS
[253] shell regression: scripts/test-awww-backend-lifecycle.sh   PASS
[254] shell regression: scripts/test-bar-connected-popup-coverage.sh PASS
[255] shell regression: scripts/test-brightness-init-lifecycle.sh PASS
[256] shell regression: scripts/test-brightness-service-lifecycle.sh PASS
[257] shell regression: scripts/test-calendar-sync-privacy.sh    PASS
[258] shell regression: scripts/test-config-namespace-contract.sh PASS
[259] shell regression: scripts/test-config-namespace-migration.sh PASS
[260] shell regression: scripts/test-connected-corner-silhouette.sh PASS
[261] shell regression: scripts/test-critical-panel-isolation-regression.sh PASS
[262] shell regression: scripts/test-critical-panel-isolation.sh PASS
[263] shell regression: scripts/test-desktop-items-lifecycle.sh  PASS
[264] shell regression: scripts/test-device-state-persistence.sh PASS
[265] shell regression: scripts/test-doctor-dependency-routing.sh PASS
[266] shell regression: scripts/test-equalizer-active-preset.sh  PASS
[267] shell regression: scripts/test-equalizer-boundary-contract.sh PASS
[268] shell regression: scripts/test-equalizer-service-contract.sh PASS
[269] shell regression: scripts/test-family-mount-lifecycle.sh   PASS
[270] shell regression: scripts/test-family-transition-input-lifecycle.sh PASS
[271] shell regression: scripts/test-family-transition-lifecycle.sh PASS
[272] shell regression: scripts/test-family-workarea-guard.sh    PASS
[273] shell regression: scripts/test-font-sync-service-guards.sh PASS
[274] shell regression: scripts/test-gamemode-niri-lifecycle.sh  PASS
[275] shell regression: scripts/test-hyprsunset-service-lifecycle.sh PASS
[276] shell regression: scripts/test-icon-theme-service-lifecycle.sh PASS
[277] shell regression: scripts/test-keyboard-indicator-lifecycle.sh PASS
[278] shell regression: scripts/test-local-distribution.sh       PASS
[279] shell regression: scripts/test-local-music-mpd-source-contract.sh PASS
[280] shell regression: scripts/test-local-music-source-contracts.sh PASS
[281] shell regression: scripts/test-local-required-contracts.sh PASS
[282] shell regression: scripts/test-lyrics-service-lifecycle.sh PASS
[283] shell regression: scripts/test-maintainer-validator-log-contract.sh PASS
[284] shell regression: scripts/test-make-install-lifecycle.sh   PASS
[285] shell regression: scripts/test-material-theme-loader-lifecycle.sh PASS
[286] shell regression: scripts/test-native-benchmark-deep-contract.sh PASS
[287] shell regression: scripts/test-native-production-contract.sh PASS
[288] shell regression: scripts/test-native-selector-behavior.sh PASS
[289] shell regression: scripts/test-native-selector-contract.sh PASS
[290] shell regression: scripts/test-network-service-lifecycle.sh PASS
[291] shell regression: scripts/test-news-service-contract.sh    PASS
[292] shell regression: scripts/test-nightlight-service-lifecycle.sh PASS
[293] shell regression: scripts/test-niri-keybind-launcher-contract.sh PASS
[294] shell regression: scripts/test-optional-audio-deps-contract.sh PASS
[295] shell regression: scripts/test-packaging-contract.sh       PASS
[296] shell regression: scripts/test-panel-style-adapter.sh      PASS
[297] shell regression: scripts/test-performance-lifecycle.sh    PASS
[298] shell regression: scripts/test-perimeter-compatibility-placement-contract.sh PASS
[299] shell regression: scripts/test-perimeter-contracts.sh      PASS
[300] shell regression: scripts/test-perimeter-family-contracts.sh PASS
[301] shell regression: scripts/test-perimeter-retirement-contract.sh PASS
[302] shell regression: scripts/test-perimeter-route-contracts.sh PASS
[303] shell regression: scripts/test-perimeter-settings-contracts.sh PASS
[304] shell regression: scripts/test-perimeter-source-contracts.sh PASS
[305] shell regression: scripts/test-qml-local-module-contract.sh PASS
[306] shell regression: scripts/test-qml-local-module-guard-regression.sh PASS
[307] shell regression: scripts/test-qml-parser-qt-version.sh    PASS
[308] shell regression: scripts/test-resource-usage-lifecycle.sh PASS
[309] shell regression: scripts/test-reviewed-replacement-manifests.sh PASS
[310] shell regression: scripts/test-runtime-orphan-cleanup.sh   PASS
[311] shell regression: scripts/test-screen-time-lifecycle.sh    PASS
[312] shell regression: scripts/test-service-lease-lifecycle.sh  PASS
[313] shell regression: scripts/test-setup-recovery-runtime-refresh.sh PASS
[314] shell regression: scripts/test-shell-updates-lifecycle.sh  PASS
[315] shell regression: scripts/test-taskbar-list-runtime.sh     PASS
[316] shell regression: scripts/test-tlp-integration-lifecycle.sh PASS
[317] shell regression: scripts/test-tlp-settings-ui-guards.sh   PASS
[318] shell regression: scripts/test-translation-service-lifecycle.sh PASS
[319] shell regression: scripts/test-uninstall-path-safety.sh    PASS
[320] shell regression: scripts/test-update-lifecycle.sh         PASS
[321] shell regression: scripts/test-update-service-guards.sh    PASS
[322] shell regression: scripts/test-voice-search-lifecycle.sh   PASS
[323] shell regression: scripts/test-waffle-clipboard-lifecycle.sh PASS
[324] shell regression: scripts/test-weather-log-privacy.sh      PASS
[325] shell regression: scripts/test-weather-orbital-visual-lock.sh PASS
[326] shell regression: scripts/test-weather-request-generation.sh PASS
[327] shell regression: scripts/test-weather-tab-motion.sh       PASS
[328] shell regression: scripts/test-window-preview-cache-behavior.sh PASS
[329] shell regression: scripts/test-window-preview-consumer-identity.sh PASS
[330] shell regression: scripts/test-window-preview-eager-capture.sh PASS
[331] shell regression: scripts/test-window-preview-lifecycle.sh PASS
[332] Make contract: prefix/path relocation                      PASS
[333] Make contract: package metadata                            PASS
[334] Make contract: package lifecycle hooks                     PASS
[335] source tree remains clean after validation                 PASS

Hadalis validation: FAIL
SHA: 10311cd96892d86d86870d327d28b27e32df8fbd
Passed: 327
Failed: 8
Skipped: 1
FINAL LOG: /tmp/hadalis-canonical-10311cd96-20261010.log
Send this single log file for review.
